****************************************
Report : qor
Design : ORCA_TOP
Version: O-2018.06
Date   : Sun May 28 00:44:52 2023
****************************************

  Timing Path Group '**clock_gating_default**' (min_delay/hold)
  ---------------------------------------------
  Levels of Logic:                            3
  Critical Path Length:                   0.265
  Critical Path Slack:                    6.113
  Total Negative Slack:                   0.000
  No. of Violating Paths:                     0
  ---------------------------------------------

  Timing Path Group 'INPUTS' (min_delay/hold)
  ---------------------------------------------
  Levels of Logic:                            0
  Critical Path Length:                   4.004
  Critical Path Slack:                    3.709
  Total Negative Slack:                   0.000
  No. of Violating Paths:                     0
  ---------------------------------------------

  Timing Path Group 'OUTPUTS' (min_delay/hold)
  ---------------------------------------------
  Levels of Logic:                            5
  Critical Path Length:                   0.119
  Critical Path Slack:                    0.719
  Total Negative Slack:                   0.000
  No. of Violating Paths:                     0
  ---------------------------------------------

  Timing Path Group 'ate_clk' (min_delay/hold)
  ---------------------------------------------
  Levels of Logic:                            2
  Critical Path Length:                   0.260
  Critical Path Slack:                   -0.090
  Total Negative Slack:                -131.110
  No. of Violating Paths:                  5279
  ---------------------------------------------

  Timing Path Group 'group_pclk' (min_delay/hold)
  ---------------------------------------------
  Levels of Logic:                            1
  Critical Path Length:                   0.221
  Critical Path Slack:                    0.063
  Total Negative Slack:                   0.000
  No. of Violating Paths:                     0
  ---------------------------------------------

  Timing Path Group 'group_sdram' (min_delay/hold)
  ---------------------------------------------
  Levels of Logic:                            1
  Critical Path Length:                   0.227
  Critical Path Slack:                    0.061
  Total Negative Slack:                   0.000
  No. of Violating Paths:                     0
  ---------------------------------------------

  Timing Path Group 'group_sys' (min_delay/hold)
  ---------------------------------------------
  Levels of Logic:                            1
  Critical Path Length:                   0.261
  Critical Path Slack:                    0.063
  Total Negative Slack:                   0.000
  No. of Violating Paths:                     0
  ---------------------------------------------

  Timing Path Group 'group_sys2x' (min_delay/hold)
  ---------------------------------------------
  Levels of Logic:                            1
  Critical Path Length:                   0.037
  Critical Path Slack:                    0.046
  Total Negative Slack:                   0.000
  No. of Violating Paths:                     0
  ---------------------------------------------

  Cell Count
  ---------------------------------------------
  Hierarchical Cell Count:                   63
  Hierarchical Port Count:                 3308
  Leaf Cell Count:                        46041
  ---------------------------------------------


  Area
  ---------------------------------------------
  Net Interconnect area:              67111.375
  Total cell area:                   383668.062
  Design Area:                       450779.438
  ---------------------------------------------


  Design Rule Violations
  ---------------------------------------------
  Total No. of Pins in Design:           185759
  max_capacitance Count:                    202
  min_capacitance Count:                     16
  max_capacitance Cost:                -206.499
  min_capacitance Cost:                  -1.424
  Total DRC Cost:                      -207.923
  ---------------------------------------------

1
