****************************************
Report : analysis_coverage
Design : ORCA_TOP
Version: O-2018.06
Date   : Tue May 23 19:19:10 2023
****************************************

Type of Check         Total              Met         Violated         Untested
--------------------------------------------------------------------------------
setup                 16153      5498 ( 34%)       260 (  2%)     10395 ( 64%)
hold                  15993         0 (  0%)         0 (  0%)     15993 (100%)
recovery               4328         0 (  0%)         0 (  0%)      4328 (100%)
removal                4328         0 (  0%)         0 (  0%)      4328 (100%)
min_pulse_width       14620     10123 ( 69%)       153 (  1%)      4344 ( 30%)
clock_gating_setup       64         6 (  9%)        16 ( 25%)        42 ( 66%)
clock_gating_hold        64         0 (  0%)         0 (  0%)        64 (100%)
out_setup               134        78 ( 58%)        32 ( 24%)        24 ( 18%)
out_hold                134         0 (  0%)         0 (  0%)       134 (100%)
--------------------------------------------------------------------------------
All Checks            55818     15705 ( 28%)       461 (  1%)     39652 ( 71%)

1
