****************************************
Report : qor
Design : ORCA_TOP
Version: O-2018.06
Date   : Fri May 26 16:21:24 2023
****************************************

  Timing Path Group '**async_default**' (min_delay/hold)
  ---------------------------------------------
  Levels of Logic:                            4
  Critical Path Length:                   0.410
  Critical Path Slack:                    0.009
  Total Negative Slack:                   0.000
  No. of Violating Paths:                     0
  ---------------------------------------------

  Timing Path Group 'PCI_CLK' (min_delay/hold)
  ---------------------------------------------
  Levels of Logic:                            1
  Critical Path Length:                   0.222
  Critical Path Slack:                    0.046
  Total Negative Slack:                   0.000
  No. of Violating Paths:                     0
  ---------------------------------------------

  Timing Path Group 'SDRAM_CLK' (min_delay/hold)
  ---------------------------------------------
  Levels of Logic:                            2
  Critical Path Length:                   0.263
  Critical Path Slack:                    0.022
  Total Negative Slack:                   0.000
  No. of Violating Paths:                     0
  ---------------------------------------------

  Timing Path Group 'SD_DDR_CLK' (min_delay/hold)
  ---------------------------------------------
  Levels of Logic:                            5
  Critical Path Length:                   0.127
  Critical Path Slack:                    0.065
  Total Negative Slack:                   0.000
  No. of Violating Paths:                     0
  ---------------------------------------------

  Timing Path Group 'SYS_2x_CLK' (min_delay/hold)
  ---------------------------------------------
  Levels of Logic:                            1
  Critical Path Length:                   0.263
  Critical Path Slack:                    0.038
  Total Negative Slack:                   0.000
  No. of Violating Paths:                     0
  ---------------------------------------------

  Timing Path Group 'SYS_CLK' (min_delay/hold)
  ---------------------------------------------
  Levels of Logic:                            2
  Critical Path Length:                   0.308
  Critical Path Slack:                    0.025
  Total Negative Slack:                   0.000
  No. of Violating Paths:                     0
  ---------------------------------------------

  Timing Path Group 'v_PCI_CLK' (min_delay/hold)
  ---------------------------------------------
  Levels of Logic:                            2
  Critical Path Length:                   0.239
  Critical Path Slack:                   -0.111
  Total Negative Slack:                  -3.433
  No. of Violating Paths:                    32
  ---------------------------------------------

  Cell Count
  ---------------------------------------------
  Hierarchical Cell Count:                   63
  Hierarchical Port Count:                 3295
  Leaf Cell Count:                        48424
  ---------------------------------------------


  Area
  ---------------------------------------------
  Net Interconnect area:              68088.555
  Total cell area:                   390720.500
  Design Area:                       458809.062
  ---------------------------------------------


  Design Rule Violations
  ---------------------------------------------
  Total No. of Pins in Design:           191958
  max_capacitance Count:                     57
  min_capacitance Count:                     16
  max_transition Count:                       2
  max_capacitance Cost:                -405.117
  min_capacitance Cost:                  -1.424
  max_transition Cost:                   -0.002
  Total DRC Cost:                      -406.543
  ---------------------------------------------

1
