****************************************
Report : analysis_coverage
Design : ORCA_TOP
Version: O-2018.06
Date   : Sat May 20 16:59:34 2023
****************************************

Type of Check         Total              Met         Violated         Untested
--------------------------------------------------------------------------------
setup                 16153      1359 (  8%)      4483 ( 28%)     10311 ( 64%)
hold                  15993         0 (  0%)         0 (  0%)     15993 (100%)
recovery               4328         0 (  0%)         0 (  0%)      4328 (100%)
removal                4328         0 (  0%)         0 (  0%)      4328 (100%)
min_pulse_width       14620      7429 ( 51%)      2863 ( 20%)      4328 ( 30%)
clock_gating_setup       60         0 (  0%)         0 (  0%)        60 (100%)
clock_gating_hold        60         0 (  0%)         0 (  0%)        60 (100%)
out_setup               134         0 (  0%)       110 ( 82%)        24 ( 18%)
out_hold                134         0 (  0%)         0 (  0%)       134 (100%)
--------------------------------------------------------------------------------
All Checks            55810      8788 ( 16%)      7456 ( 13%)     39566 ( 71%)

1
