****************************************
Report : constraint
	-all_violators
	-path slack_only
Design : ORCA_TOP
Version: O-2018.06
Date   : Sun May 28 00:44:57 2023
****************************************


   max_delay/setup ('clock_gating_default' group)

   Endpoint                                                  Slack
   -----------------------------------------------------------------
   occ_int2/fast_clk_0_clkgt/u_icg/EN                       -0.374  (VIOLATED)

   max_delay/setup ('SD_DDR_CLK' group)

   Endpoint                                                  Slack
   -----------------------------------------------------------------
   sd_DQ_out[26]                                            -0.708  (VIOLATED)
   sd_DQ_out[20]                                            -0.336  (VIOLATED)
   sd_DQ_out[30]                                            -0.327  (VIOLATED)
   sd_DQ_out[10]                                            -0.320  (VIOLATED)
   sd_DQ_out[2]                                             -0.267  (VIOLATED)
   sd_DQ_out[8]                                             -0.261  (VIOLATED)
   sd_DQ_out[3]                                             -0.256  (VIOLATED)
   sd_DQ_out[16]                                            -0.255  (VIOLATED)
   sd_DQ_out[0]                                             -0.255  (VIOLATED)
   sd_DQ_out[28]                                            -0.243  (VIOLATED)
   sd_DQ_out[7]                                             -0.236  (VIOLATED)
   sd_DQ_out[5]                                             -0.234  (VIOLATED)
   sd_DQ_out[4]                                             -0.233  (VIOLATED)
   sd_DQ_out[6]                                             -0.232  (VIOLATED)
   sd_DQ_out[1]                                             -0.231  (VIOLATED)
   sd_DQ_out[17]                                            -0.225  (VIOLATED)
   sd_DQ_out[12]                                            -0.215  (VIOLATED)
   sd_DQ_out[24]                                            -0.212  (VIOLATED)
   sd_DQ_out[14]                                            -0.200  (VIOLATED)
   sd_DQ_out[25]                                            -0.196  (VIOLATED)
   sd_DQ_out[29]                                            -0.188  (VIOLATED)
   sd_DQ_out[21]                                            -0.177  (VIOLATED)
   sd_DQ_out[9]                                             -0.171  (VIOLATED)
   sd_DQ_out[13]                                            -0.168  (VIOLATED)
   sd_DQ_out[15]                                            -0.165  (VIOLATED)
   sd_DQ_out[31]                                            -0.161  (VIOLATED)
   sd_DQ_out[11]                                            -0.101  (VIOLATED)
   sd_DQ_out[19]                                            -0.090  (VIOLATED)
   sd_DQ_out[23]                                            -0.083  (VIOLATED)
   sd_DQ_out[22]                                            -0.082  (VIOLATED)
   sd_DQ_out[18]                                            -0.044  (VIOLATED)
   sd_DQ_out[27]                                            -0.021  (VIOLATED)

   max_delay/setup ('SYS_2x_CLK' group)

   Endpoint                                                  Slack
   -----------------------------------------------------------------
   occ_int2/U_clk_control_i_0/pipeline_or_tree_l_reg/D      -0.171  (VIOLATED)
   occ_int2/U_clk_control_i_0/U_cycle_ctr_i/tercnt_n_reg_reg/D
                                                            -0.101  (VIOLATED)



   clock_gating_setup

   Endpoint                                                  Slack
   -----------------------------------------------------------------
   occ_int2/fast_clk_0_clkgt/u_icg/EN                       -0.374  (VIOLATED)


   sequential_clock_pulse_width

                             Required        Actual
   Pin                      pulse width    pulse width       Slack
   -----------------------------------------------------------------
   I_CLOCKING/sys_2x_rst_ff_reg/CLK (low)
                               1.036          0.924         -0.111  (VIOLATED)


   max_capacitance

                             Required        Actual
   Pin                      Capacitance    Capacitance       Slack
   -----------------------------------------------------------------
   ZBUF_64_inst_23278/Y       82.000        155.832        -73.832  (VIOLATED)
   HFSBUF_11_236/Y            82.000        121.097        -39.097  (VIOLATED)
   HFSBUF_11_237/Y            82.000        120.920        -38.920  (VIOLATED)
   HFSBUF_11_249/Y            82.000        118.802        -36.802  (VIOLATED)
   HFSBUF_11_248/Y            82.000        117.751        -35.751  (VIOLATED)
   HFSBUF_11_246/Y            82.000        117.618        -35.618  (VIOLATED)
   HFSBUF_11_241/Y            82.000        117.601        -35.601  (VIOLATED)
   ZBUF_4_inst_54904/Y        82.000        117.204        -35.204  (VIOLATED)
   HFSBUF_11_227/Y            82.000        116.675        -34.675  (VIOLATED)
   HFSBUF_11_247/Y            82.000        116.142        -34.142  (VIOLATED)
   ZBUF_4_inst_54905/Y        82.000        115.124        -33.124  (VIOLATED)
   ZBUF_4_inst_54903/Y        82.000        115.060        -33.060  (VIOLATED)
   HFSBUF_11_233/Y            82.000        114.972        -32.972  (VIOLATED)
   ZBUF_4_inst_54094/Y        82.000        114.118        -32.118  (VIOLATED)
   HFSBUF_11_231/Y            82.000        113.392        -31.392  (VIOLATED)
   HFSINV_13_255/Y            82.000        113.269        -31.269  (VIOLATED)
   HFSBUF_11_235/Y            82.000        112.067        -30.067  (VIOLATED)
   HFSBUF_11_229/Y            82.000        110.508        -28.508  (VIOLATED)
   HFSBUF_11_251/Y            82.000        107.962        -25.962  (VIOLATED)
   I_PCI_TOP/HFSBUF_8_228/Y   82.000        107.557        -25.557  (VIOLATED)
   HFSBUF_11_250/Y            82.000        107.431        -25.431  (VIOLATED)
   HFSBUF_11_258/Y            82.000        107.343        -25.343  (VIOLATED)
   ZBUF_4_inst_54907/Y        82.000        107.281        -25.281  (VIOLATED)
   ZBUF_4_inst_54906/Y        82.000        106.884        -24.884  (VIOLATED)
   HFSBUF_11_257/Y            82.000        106.855        -24.855  (VIOLATED)
   ZBUF_4_inst_24034/Y        82.000        106.665        -24.665  (VIOLATED)
   HFSBUF_11_240/Y            82.000        106.345        -24.345  (VIOLATED)
   HFSBUF_11_234/Y            82.000        104.267        -22.267  (VIOLATED)
   occ_int2/cts_buf_638432290/Y
                              82.000         88.351         -6.351  (VIOLATED)
   I_BLENDER_1/R_124/Q        16.000         19.193         -3.193  (VIOLATED)
   I_BLENDER_0/s3_op2_reg_28_/QN
                              16.000         17.754         -1.754  (VIOLATED)
   I_BLENDER_0/U6506/Y        16.000         17.742         -1.742  (VIOLATED)
   I_SDRAM_TOP/I_SDRAM_IF/mega_shift_0_reg_0__30_/Q
                               8.000          8.873         -0.873  (VIOLATED)
   U288/Y                     32.000         32.664         -0.664  (VIOLATED)
   I_BLENDER_1/R_411/Q         8.000          8.581         -0.581  (VIOLATED)
   I_BLENDER_0/U1386/Y        16.000         16.536         -0.536  (VIOLATED)
   I_BLENDER_0/s2_op1_reg_7_/Q
                              16.000         16.517         -0.517  (VIOLATED)
   I_BLENDER_0/s1_op1_reg_10_/Q
                               8.000          8.452         -0.452  (VIOLATED)
   I_BLENDER_0/s1_op1_reg_14_/Q
                               8.000          8.338         -0.338  (VIOLATED)
   I_BLENDER_1/result_reg_0_/Q
                               8.000          8.321         -0.321  (VIOLATED)
   I_BLENDER_0/s1_op1_reg_11_/Q
                               8.000          8.316         -0.316  (VIOLATED)
   I_BLENDER_1/R_673/Q         8.000          8.249         -0.249  (VIOLATED)
   I_BLENDER_0/s2_op1_reg_14_/Q
                              16.000         16.241         -0.241  (VIOLATED)
   I_BLENDER_1/U2758/Y        16.000         16.208         -0.208  (VIOLATED)
   I_PCI_TOP/I_PCI_CORE_mega_shift_reg_6__16_/Q
                               8.000          8.165         -0.165  (VIOLATED)
   I_BLENDER_0/U3845/Y        16.000         16.154         -0.154  (VIOLATED)
   I_BLENDER_1/mega_shift_reg_9__9_/Q
                               8.000          8.126         -0.126  (VIOLATED)
   I_CONTEXT_MEM/U176/Y       16.000         16.122         -0.122  (VIOLATED)
   I_BLENDER_1/result_reg_1_/Q
                               8.000          8.098         -0.098  (VIOLATED)
   I_RISC_CORE/I_STACK_TOP_I_STACK_FSM_TOS_int_reg_1_/Q
                               8.000          8.070         -0.070  (VIOLATED)
   I_BLENDER_0/U6556/Y         8.000          8.060         -0.060  (VIOLATED)
   I_SDRAM_TOP/I_SDRAM_IF/control_bus_reg_8_/Q
                               8.000          8.053         -0.053  (VIOLATED)
   I_BLENDER_1/R_592/Q         8.000          8.051         -0.051  (VIOLATED)
   I_RISC_CORE/ZBUF_23_inst_23702/Y
                              16.000         16.029         -0.029  (VIOLATED)
   I_SDRAM_TOP/I_SDRAM_IF/mega_shift_0_reg_24__16_/Q
                               8.000          8.022         -0.022  (VIOLATED)
   I_SDRAM_TOP/I_SDRAM_IF/mega_shift_1_reg_6__5_/Q
                               8.000          8.018         -0.018  (VIOLATED)
   I_BLENDER_0/U3772/Y        16.000         16.012         -0.012  (VIOLATED)
   ZBUF_35_inst_25865/Y       16.000         16.012         -0.012  (VIOLATED)


   min_capacitance

                             Required        Actual
   Pin                      Capacitance    Capacitance       Slack
   -----------------------------------------------------------------
   I_RISC_CORE/I_REG_FILE_REG_FILE_B_RAM/O2[0]
                               0.100          0.011         -0.089  (VIOLATED)
   I_RISC_CORE/I_REG_FILE_REG_FILE_B_RAM/O2[1]
                               0.100          0.011         -0.089  (VIOLATED)
   I_RISC_CORE/I_REG_FILE_REG_FILE_B_RAM/O2[2]
                               0.100          0.011         -0.089  (VIOLATED)
   I_RISC_CORE/I_REG_FILE_REG_FILE_B_RAM/O2[3]
                               0.100          0.011         -0.089  (VIOLATED)
   I_RISC_CORE/I_REG_FILE_REG_FILE_B_RAM/O2[4]
                               0.100          0.011         -0.089  (VIOLATED)
   I_RISC_CORE/I_REG_FILE_REG_FILE_B_RAM/O2[5]
                               0.100          0.011         -0.089  (VIOLATED)
   I_RISC_CORE/I_REG_FILE_REG_FILE_B_RAM/O2[6]
                               0.100          0.011         -0.089  (VIOLATED)
   I_RISC_CORE/I_REG_FILE_REG_FILE_B_RAM/O2[7]
                               0.100          0.011         -0.089  (VIOLATED)
   I_RISC_CORE/I_REG_FILE_REG_FILE_D_RAM/O2[8]
                               0.100          0.011         -0.089  (VIOLATED)
   I_RISC_CORE/I_REG_FILE_REG_FILE_D_RAM/O2[9]
                               0.100          0.011         -0.089  (VIOLATED)
   I_RISC_CORE/I_REG_FILE_REG_FILE_D_RAM/O2[10]
                               0.100          0.011         -0.089  (VIOLATED)
   I_RISC_CORE/I_REG_FILE_REG_FILE_D_RAM/O2[11]
                               0.100          0.011         -0.089  (VIOLATED)
   I_RISC_CORE/I_REG_FILE_REG_FILE_D_RAM/O2[12]
                               0.100          0.011         -0.089  (VIOLATED)
   I_RISC_CORE/I_REG_FILE_REG_FILE_D_RAM/O2[13]
                               0.100          0.011         -0.089  (VIOLATED)
   I_RISC_CORE/I_REG_FILE_REG_FILE_D_RAM/O2[14]
                               0.100          0.011         -0.089  (VIOLATED)
   I_RISC_CORE/I_REG_FILE_REG_FILE_D_RAM/O2[15]
                               0.100          0.011         -0.089  (VIOLATED)


   max_transition

                             Required        Actual
   Pin                      Transition     Transition        Slack
   -----------------------------------------------------------------
   I_SDRAM_TOP/I_SDRAM_IF/mega_shift_0_reg_0__30_/Q
                               0.424          0.452         -0.029  (VIOLATED)
   I_BLENDER_1/R_124/Q         0.264          0.288         -0.023  (VIOLATED)
   I_BLENDER_0/s3_op2_reg_28_/QN
                               0.206          0.221         -0.014  (VIOLATED)
   I_BLENDER_1/result_reg_0_/Q
                               0.423          0.432         -0.009  (VIOLATED)
   I_BLENDER_1/R_411/Q         0.135          0.141         -0.006  (VIOLATED)
   I_BLENDER_0/s1_op1_reg_10_/Q
                               0.254          0.260         -0.006  (VIOLATED)
   I_BLENDER_0/s1_op1_reg_14_/Q
                               0.254          0.257         -0.003  (VIOLATED)
   I_BLENDER_0/s1_op1_reg_11_/Q
                               0.254          0.256         -0.003  (VIOLATED)
   I_BLENDER_1/R_673/Q         0.137          0.139         -0.002  (VIOLATED)
   I_BLENDER_1/result_reg_1_/Q
                               0.423          0.424         -0.001  (VIOLATED)
   I_SDRAM_TOP/I_SDRAM_IF/control_bus_reg_8_/Q
                               0.405          0.406         -0.001  (VIOLATED)
   I_BLENDER_0/s3_op1_reg_25_/Q
                               0.168          0.168          0.000  (VIOLATED: increase significant digits)


1
