****************************************
Report : constraint
	-all_violators
	-path slack_only
Design : ORCA_TOP
Version: O-2018.06
Date   : Thu May 18 18:50:13 2023
****************************************


   max_delay/setup ('SD_DDR_CLK' group)

   Endpoint                                                  Slack
   -----------------------------------------------------------------
   sd_DQ_out[24]                                            -1.137  (VIOLATED)
   sd_DQ_out[26]                                            -1.119  (VIOLATED)
   sd_DQ_out[2]                                             -1.116  (VIOLATED)
   sd_DQ_out[14]                                            -1.116  (VIOLATED)
   sd_DQ_out[15]                                            -1.116  (VIOLATED)
   sd_DQ_out[22]                                            -1.088  (VIOLATED)
   sd_DQ_out[7]                                             -0.858  (VIOLATED)
   sd_DQ_out[11]                                            -0.857  (VIOLATED)
   sd_DQ_out[28]                                            -0.857  (VIOLATED)
   sd_DQ_out[23]                                            -0.857  (VIOLATED)
   sd_DQ_out[3]                                             -0.856  (VIOLATED)
   sd_DQ_out[21]                                            -0.856  (VIOLATED)
   sd_DQ_out[1]                                             -0.856  (VIOLATED)
   sd_DQ_out[9]                                             -0.856  (VIOLATED)
   sd_DQ_out[12]                                            -0.856  (VIOLATED)
   sd_DQ_out[16]                                            -0.856  (VIOLATED)
   sd_DQ_out[17]                                            -0.856  (VIOLATED)
   sd_DQ_out[27]                                            -0.856  (VIOLATED)
   sd_DQ_out[20]                                            -0.856  (VIOLATED)
   sd_DQ_out[19]                                            -0.855  (VIOLATED)
   sd_DQ_out[31]                                            -0.855  (VIOLATED)
   sd_DQ_out[0]                                             -0.855  (VIOLATED)
   sd_DQ_out[4]                                             -0.855  (VIOLATED)
   sd_DQ_out[6]                                             -0.855  (VIOLATED)
   sd_DQ_out[10]                                            -0.855  (VIOLATED)
   sd_DQ_out[18]                                            -0.855  (VIOLATED)
   sd_DQ_out[30]                                            -0.855  (VIOLATED)
   sd_DQ_out[25]                                            -0.852  (VIOLATED)
   sd_DQ_out[5]                                             -0.852  (VIOLATED)
   sd_DQ_out[8]                                             -0.852  (VIOLATED)
   sd_DQ_out[13]                                            -0.852  (VIOLATED)
   sd_DQ_out[29]                                            -0.852  (VIOLATED)

   max_delay/setup ('SYS_2x_CLK' group)

   Endpoint                                                  Slack
   -----------------------------------------------------------------
   I_RISC_CORE/I_PRGRM_CNT_TOP_I_PRGRM_FSM_Current_State_reg_1_/SI
                                                            -0.784  (VIOLATED)
   I_RISC_CORE/I_STACK_TOP_I1_STACK_MEM_PopDataOut_reg_0_/SI
                                                            -0.628  (VIOLATED)
   I_RISC_CORE/I_STACK_TOP_I2_STACK_MEM_Stack_Mem_reg_0__2_/SI
                                                            -0.581  (VIOLATED)
   I_RISC_CORE/I_STACK_TOP_I2_STACK_MEM_PopDataOut_reg_2_/SI
                                                            -0.574  (VIOLATED)
   I_RISC_CORE/I_STACK_TOP_I_STACK_FSM_TOS_int_reg_1_/SI    -0.564  (VIOLATED)
   I_RISC_CORE/I_INSTRN_LAT_Crnt_Instrn_2_reg_25_/SI        -0.559  (VIOLATED)
   I_RISC_CORE/I_REG_FILE_REG_FILE_A_RAM/I1[6]              -0.545  (VIOLATED)
   I_RISC_CORE/I_REG_FILE_REG_FILE_B_RAM/I1[6]              -0.545  (VIOLATED)
   I_RISC_CORE/I_REG_FILE_REG_FILE_C_RAM/I1[6]              -0.545  (VIOLATED)
   I_RISC_CORE/I_REG_FILE_REG_FILE_A_RAM/I1[4]              -0.512  (VIOLATED)
   I_RISC_CORE/I_REG_FILE_REG_FILE_B_RAM/I1[4]              -0.512  (VIOLATED)
   I_RISC_CORE/I_REG_FILE_REG_FILE_C_RAM/I1[4]              -0.512  (VIOLATED)
   I_RISC_CORE/I_ALU_Lachd_Result_reg_7_/SI                 -0.506  (VIOLATED)
   I_RISC_CORE/I_PRGRM_CNT_TOP_I_PRGRM_FSM_Current_State_reg_0_/SI
                                                            -0.486  (VIOLATED)
   I_RISC_CORE/I_PRGRM_CNT_TOP_I_PRGRM_CNT_PCint_reg_7_/SI
                                                            -0.477  (VIOLATED)
   I_RISC_CORE/I_STACK_TOP_I_STACK_FSM_Crnt_Stack_reg_1_/SI
                                                            -0.423  (VIOLATED)
   I_RISC_CORE/I_REG_FILE_REG_FILE_A_RAM/I1[14]             -0.410  (VIOLATED)
   I_RISC_CORE/I_REG_FILE_REG_FILE_B_RAM/I1[14]             -0.410  (VIOLATED)
   I_RISC_CORE/I_REG_FILE_REG_FILE_C_RAM/I1[14]             -0.410  (VIOLATED)
   I_RISC_CORE/I_REG_FILE_REG_FILE_D_RAM/I1[14]             -0.410  (VIOLATED)
   I_RISC_CORE/I_STACK_TOP_I_STACK_FSM_TOS_int_reg_0_/SI    -0.350  (VIOLATED)
   I_RISC_CORE/I_INSTRN_LAT_Crnt_Instrn_2_reg_6_/SI         -0.345  (VIOLATED)
   I_RISC_CORE/I_INSTRN_LAT_Crnt_Instrn_2_reg_2_/SI         -0.334  (VIOLATED)
   I_RISC_CORE/I_CONTROL_UseData_Imm_Or_RegB_reg/SI         -0.332  (VIOLATED)
   I_RISC_CORE/I_REG_FILE_REG_FILE_A_RAM/A2[0]              -0.327  (VIOLATED)
   I_RISC_CORE/I_REG_FILE_REG_FILE_A_RAM/A2[2]              -0.327  (VIOLATED)
   I_RISC_CORE/I_REG_FILE_REG_FILE_C_RAM/A2[0]              -0.327  (VIOLATED)
   I_RISC_CORE/I_REG_FILE_REG_FILE_C_RAM/A2[2]              -0.327  (VIOLATED)
   I_RISC_CORE/I_REG_FILE_REG_FILE_A_RAM/A2[5]              -0.327  (VIOLATED)
   I_RISC_CORE/I_REG_FILE_REG_FILE_C_RAM/A2[5]              -0.327  (VIOLATED)
   I_RISC_CORE/I_REG_FILE_REG_FILE_A_RAM/A2[3]              -0.327  (VIOLATED)
   I_RISC_CORE/I_REG_FILE_REG_FILE_C_RAM/A2[3]              -0.327  (VIOLATED)
   I_RISC_CORE/I_REG_FILE_REG_FILE_A_RAM/A2[4]              -0.327  (VIOLATED)
   I_RISC_CORE/I_REG_FILE_REG_FILE_C_RAM/A2[4]              -0.327  (VIOLATED)
   I_RISC_CORE/I_REG_FILE_REG_FILE_A_RAM/A2[6]              -0.327  (VIOLATED)
   I_RISC_CORE/I_REG_FILE_REG_FILE_C_RAM/A2[6]              -0.327  (VIOLATED)
   I_RISC_CORE/I_REG_FILE_REG_FILE_A_RAM/A2[1]              -0.327  (VIOLATED)
   I_RISC_CORE/I_REG_FILE_REG_FILE_C_RAM/A2[1]              -0.327  (VIOLATED)
   I_RISC_CORE/I_PRGRM_CNT_TOP_I_PRGRM_CNT_PCint_reg_2_/SI
                                                            -0.327  (VIOLATED)
   I_RISC_CORE/I_STACK_TOP_I_STACK_FSM_Crnt_Stack_reg_0_/SI
                                                            -0.323  (VIOLATED)
   I_RISC_CORE/I_REG_FILE_REG_FILE_A_RAM/I1[3]              -0.314  (VIOLATED)
   I_RISC_CORE/I_REG_FILE_REG_FILE_B_RAM/I1[3]              -0.314  (VIOLATED)
   I_RISC_CORE/I_REG_FILE_REG_FILE_C_RAM/I1[3]              -0.314  (VIOLATED)
   I_RISC_CORE/I_REG_FILE_REG_FILE_D_RAM/I1[3]              -0.314  (VIOLATED)
   I_RISC_CORE/I_DATA_PATH_Oprnd_B_reg_15_/SI               -0.312  (VIOLATED)
   I_RISC_CORE/I_INSTRN_LAT_Crnt_Instrn_2_reg_0_/SI         -0.309  (VIOLATED)
   I_RISC_CORE/I_PRGRM_CNT_TOP_I_PRGRM_CNT_PCint_reg_0_/SI
                                                            -0.304  (VIOLATED)
   I_RISC_CORE/I_INSTRN_LAT_Crnt_Instrn_2_reg_7_/SI         -0.294  (VIOLATED)
   I_RISC_CORE/I_DATA_PATH_Oprnd_B_reg_14_/SI               -0.287  (VIOLATED)
   I_RISC_CORE/I_DATA_PATH_Oprnd_A_reg_11_/SI               -0.283  (VIOLATED)
   I_RISC_CORE/I_DATA_PATH_Oprnd_A_reg_6_/SI                -0.282  (VIOLATED)
   I_RISC_CORE/I_STACK_TOP_I2_STACK_MEM_Stack_Mem_reg_1__2_/SI
                                                            -0.280  (VIOLATED)
   I_RISC_CORE/I_STACK_TOP_I_STACK_FSM_TOS_int_reg_2_/SI    -0.264  (VIOLATED)
   I_RISC_CORE/I_DATA_PATH_Oprnd_A_reg_8_/SI                -0.264  (VIOLATED)
   I_RISC_CORE/I_REG_FILE_REG_FILE_D_RAM/I1[6]              -0.249  (VIOLATED)
   I_RISC_CORE/I_STACK_TOP_I1_STACK_MEM_PopDataOut_reg_1_/SI
                                                            -0.236  (VIOLATED)
   I_RISC_CORE/I_DATA_PATH_Oprnd_B_reg_9_/SI                -0.218  (VIOLATED)
   I_RISC_CORE/I_REG_FILE_REG_FILE_D_RAM/I1[4]              -0.215  (VIOLATED)
   I_RISC_CORE/I_DATA_PATH_Oprnd_B_reg_12_/SI               -0.213  (VIOLATED)
   I_RISC_CORE/I_INSTRN_LAT_Crnt_Instrn_2_reg_19_/SI        -0.201  (VIOLATED)
   I_RISC_CORE/I_INSTRN_LAT_Crnt_Instrn_2_reg_21_/SI        -0.196  (VIOLATED)
   I_RISC_CORE/I_INSTRN_LAT_Crnt_Instrn_2_reg_5_/SI         -0.196  (VIOLATED)
   I_RISC_CORE/I_REG_FILE_REG_FILE_D_RAM/I1[0]              -0.195  (VIOLATED)
   I_RISC_CORE/I_PRGRM_CNT_TOP_I_PRGRM_CNT_PCint_reg_5_/SI
                                                            -0.187  (VIOLATED)
   I_RISC_CORE/I_INSTRN_LAT_Crnt_Instrn_2_reg_18_/SI        -0.186  (VIOLATED)
   I_RISC_CORE/I_PRGRM_CNT_TOP_I_PRGRM_CNT_PCint_reg_4_/SI
                                                            -0.185  (VIOLATED)
   I_RISC_CORE/I_PRGRM_CNT_TOP_I_PRGRM_CNT_PCint_reg_1_/SI
                                                            -0.182  (VIOLATED)
   I_RISC_CORE/I_REG_FILE_REG_FILE_A_RAM/I1[0]              -0.173  (VIOLATED)
   I_RISC_CORE/I_REG_FILE_REG_FILE_B_RAM/I1[0]              -0.173  (VIOLATED)
   I_RISC_CORE/I_REG_FILE_REG_FILE_C_RAM/I1[0]              -0.173  (VIOLATED)
   I_RISC_CORE/I_PRGRM_CNT_TOP_I_PRGRM_CNT_PCint_reg_3_/SI
                                                            -0.166  (VIOLATED)
   I_RISC_CORE/I_PRGRM_CNT_TOP_I_PRGRM_CNT_PCint_reg_6_/SI
                                                            -0.166  (VIOLATED)
   I_RISC_CORE/I_STACK_TOP_I2_STACK_MEM_Stack_Mem_reg_1__3_/SI
                                                            -0.159  (VIOLATED)
   I_RISC_CORE/I_DATA_PATH_PSWL_Zro_reg/SI                  -0.151  (VIOLATED)
   I_RISC_CORE/R_33/SI                                      -0.142  (VIOLATED)
   I_RISC_CORE/I_STACK_TOP_I1_STACK_MEM_PopDataOut_reg_2_/SI
                                                            -0.135  (VIOLATED)
   I_RISC_CORE/I_INSTRN_LAT_Crnt_Instrn_2_reg_12_/SI        -0.128  (VIOLATED)
   I_RISC_CORE/I_STACK_TOP_I_STACK_FSM_STACK_FULL_reg/SI    -0.123  (VIOLATED)
   I_RISC_CORE/I_PRGRM_CNT_TOP_I_PRGRM_FSM_Current_State_reg_2_/SI
                                                            -0.116  (VIOLATED)
   I_RISC_CORE/I_REG_FILE_REG_FILE_A_RAM/I1[7]              -0.094  (VIOLATED)
   I_RISC_CORE/I_REG_FILE_REG_FILE_B_RAM/I1[7]              -0.094  (VIOLATED)
   I_RISC_CORE/I_REG_FILE_REG_FILE_C_RAM/I1[7]              -0.094  (VIOLATED)
   I_RISC_CORE/I_REG_FILE_REG_FILE_D_RAM/I1[7]              -0.094  (VIOLATED)
   I_RISC_CORE/I_REG_FILE_REG_FILE_A_RAM/I1[10]             -0.088  (VIOLATED)
   I_RISC_CORE/I_REG_FILE_REG_FILE_B_RAM/I1[10]             -0.088  (VIOLATED)
   I_RISC_CORE/I_REG_FILE_REG_FILE_C_RAM/I1[10]             -0.088  (VIOLATED)
   I_RISC_CORE/I_REG_FILE_REG_FILE_D_RAM/I1[10]             -0.088  (VIOLATED)
   I_RISC_CORE/I_REG_FILE_REG_FILE_D_RAM/I1[2]              -0.081  (VIOLATED)
   I_RISC_CORE/I_REG_FILE_REG_FILE_A_RAM/I1[2]              -0.073  (VIOLATED)
   I_RISC_CORE/I_REG_FILE_REG_FILE_B_RAM/I1[2]              -0.073  (VIOLATED)
   I_RISC_CORE/I_REG_FILE_REG_FILE_C_RAM/I1[2]              -0.073  (VIOLATED)
   I_RISC_CORE/I_INSTRN_LAT_Crnt_Instrn_2_reg_3_/SI         -0.055  (VIOLATED)
   I_RISC_CORE/I_INSTRN_LAT_Crnt_Instrn_2_reg_17_/SI        -0.039  (VIOLATED)
   I_RISC_CORE/I_INSTRN_LAT_Crnt_Instrn_2_reg_4_/SI         -0.037  (VIOLATED)
   I_RISC_CORE/I_REG_FILE_REG_FILE_A_RAM/I1[15]             -0.027  (VIOLATED)
   I_RISC_CORE/I_REG_FILE_REG_FILE_B_RAM/I1[15]             -0.027  (VIOLATED)
   I_RISC_CORE/I_REG_FILE_REG_FILE_C_RAM/I1[15]             -0.027  (VIOLATED)
   I_RISC_CORE/I_REG_FILE_REG_FILE_D_RAM/I1[15]             -0.027  (VIOLATED)
   I_RISC_CORE/I_REG_FILE_REG_FILE_A_RAM/I1[11]             -0.027  (VIOLATED)
   I_RISC_CORE/I_REG_FILE_REG_FILE_A_RAM/I1[12]             -0.027  (VIOLATED)
   I_RISC_CORE/I_REG_FILE_REG_FILE_A_RAM/I1[13]             -0.027  (VIOLATED)
   I_RISC_CORE/I_REG_FILE_REG_FILE_B_RAM/I1[11]             -0.027  (VIOLATED)
   I_RISC_CORE/I_REG_FILE_REG_FILE_B_RAM/I1[12]             -0.027  (VIOLATED)
   I_RISC_CORE/I_REG_FILE_REG_FILE_B_RAM/I1[13]             -0.027  (VIOLATED)
   I_RISC_CORE/I_REG_FILE_REG_FILE_C_RAM/I1[11]             -0.027  (VIOLATED)
   I_RISC_CORE/I_REG_FILE_REG_FILE_C_RAM/I1[12]             -0.027  (VIOLATED)
   I_RISC_CORE/I_REG_FILE_REG_FILE_C_RAM/I1[13]             -0.027  (VIOLATED)
   I_RISC_CORE/I_REG_FILE_REG_FILE_D_RAM/I1[11]             -0.027  (VIOLATED)
   I_RISC_CORE/I_REG_FILE_REG_FILE_D_RAM/I1[12]             -0.027  (VIOLATED)
   I_RISC_CORE/I_REG_FILE_REG_FILE_D_RAM/I1[13]             -0.027  (VIOLATED)
   I_RISC_CORE/I_REG_FILE_REG_FILE_A_RAM/I1[8]              -0.027  (VIOLATED)
   I_RISC_CORE/I_STACK_TOP_I1_STACK_MEM_Stack_Mem_reg_4__0_/SI
                                                            -0.024  (VIOLATED)
   I_RISC_CORE/I_STACK_TOP_I1_STACK_MEM_Stack_Mem_reg_0__0_/SI
                                                            -0.024  (VIOLATED)
   I_RISC_CORE/I_STACK_TOP_I1_STACK_MEM_Stack_Mem_reg_1__1_/SI
                                                            -0.024  (VIOLATED)
   I_RISC_CORE/I_STACK_TOP_I1_STACK_MEM_Stack_Mem_reg_1__2_/SI
                                                            -0.024  (VIOLATED)
   I_RISC_CORE/I_STACK_TOP_I1_STACK_MEM_Stack_Mem_reg_1__3_/SI
                                                            -0.024  (VIOLATED)
   I_RISC_CORE/I_STACK_TOP_I1_STACK_MEM_Stack_Mem_reg_4__3_/SI
                                                            -0.024  (VIOLATED)
   I_RISC_CORE/I_STACK_TOP_I2_STACK_MEM_Stack_Mem_reg_2__2_/SI
                                                            -0.024  (VIOLATED)
   I_RISC_CORE/I_STACK_TOP_I2_STACK_MEM_Stack_Mem_reg_6__1_/SI
                                                            -0.024  (VIOLATED)
   I_RISC_CORE/I_STACK_TOP_I2_STACK_MEM_Stack_Mem_reg_6__2_/SI
                                                            -0.024  (VIOLATED)
   I_RISC_CORE/I_STACK_TOP_I3_STACK_MEM_Stack_Mem_reg_2__2_/SI
                                                            -0.024  (VIOLATED)
   I_RISC_CORE/I_STACK_TOP_I1_STACK_MEM_Stack_Mem_reg_2__2_/SI
                                                            -0.024  (VIOLATED)
   I_RISC_CORE/I_STACK_TOP_I1_STACK_MEM_Stack_Mem_reg_3__1_/SI
                                                            -0.024  (VIOLATED)
   I_RISC_CORE/I_STACK_TOP_I1_STACK_MEM_Stack_Mem_reg_3__2_/SI
                                                            -0.024  (VIOLATED)
   I_RISC_CORE/I_STACK_TOP_I1_STACK_MEM_Stack_Mem_reg_4__1_/SI
                                                            -0.024  (VIOLATED)
   I_RISC_CORE/I_STACK_TOP_I1_STACK_MEM_Stack_Mem_reg_5__3_/SI
                                                            -0.024  (VIOLATED)
   I_RISC_CORE/I_STACK_TOP_I1_STACK_MEM_Stack_Mem_reg_6__0_/SI
                                                            -0.024  (VIOLATED)
   I_RISC_CORE/I_STACK_TOP_I1_STACK_MEM_Stack_Mem_reg_7__0_/SI
                                                            -0.024  (VIOLATED)
   I_RISC_CORE/I_STACK_TOP_I1_STACK_MEM_Stack_Mem_reg_7__3_/SI
                                                            -0.024  (VIOLATED)
   I_RISC_CORE/I_STACK_TOP_I2_STACK_MEM_PopDataOut_reg_1_/SI
                                                            -0.024  (VIOLATED)
   I_RISC_CORE/I_STACK_TOP_I2_STACK_MEM_PopDataOut_reg_3_/SI
                                                            -0.024  (VIOLATED)
   I_RISC_CORE/I_STACK_TOP_I2_STACK_MEM_Stack_Mem_reg_2__3_/SI
                                                            -0.024  (VIOLATED)
   I_RISC_CORE/I_STACK_TOP_I2_STACK_MEM_Stack_Mem_reg_3__1_/SI
                                                            -0.024  (VIOLATED)
   I_RISC_CORE/I_STACK_TOP_I2_STACK_MEM_Stack_Mem_reg_7__0_/SI
                                                            -0.024  (VIOLATED)
   I_RISC_CORE/I_STACK_TOP_I3_STACK_MEM_Stack_Mem_reg_3__2_/SI
                                                            -0.024  (VIOLATED)
   I_RISC_CORE/I_STACK_TOP_I3_STACK_MEM_Stack_Mem_reg_7__2_/SI
                                                            -0.024  (VIOLATED)
   I_RISC_CORE/I_STACK_TOP_I1_STACK_MEM_Stack_Mem_reg_2__1_/SI
                                                            -0.024  (VIOLATED)
   I_RISC_CORE/I_ALU_Lachd_Result_reg_12_/SI                -0.023  (VIOLATED)
   I_RISC_CORE/I_STACK_TOP_I1_STACK_MEM_Stack_Mem_reg_0__1_/SI
                                                            -0.022  (VIOLATED)
   I_RISC_CORE/I_STACK_TOP_I1_STACK_MEM_Stack_Mem_reg_0__2_/SI
                                                            -0.022  (VIOLATED)
   I_RISC_CORE/I_STACK_TOP_I1_STACK_MEM_Stack_Mem_reg_0__3_/SI
                                                            -0.022  (VIOLATED)
   I_RISC_CORE/I_STACK_TOP_I1_STACK_MEM_Stack_Mem_reg_1__0_/SI
                                                            -0.022  (VIOLATED)
   I_RISC_CORE/I_STACK_TOP_I1_STACK_MEM_Stack_Mem_reg_2__0_/SI
                                                            -0.022  (VIOLATED)
   I_RISC_CORE/I_STACK_TOP_I1_STACK_MEM_Stack_Mem_reg_3__0_/SI
                                                            -0.022  (VIOLATED)
   I_RISC_CORE/I_STACK_TOP_I1_STACK_MEM_Stack_Mem_reg_5__0_/SI
                                                            -0.022  (VIOLATED)
   I_RISC_CORE/I_STACK_TOP_I1_STACK_MEM_Stack_Mem_reg_6__2_/SI
                                                            -0.022  (VIOLATED)
   I_RISC_CORE/I_STACK_TOP_I1_STACK_MEM_Stack_Mem_reg_6__3_/SI
                                                            -0.022  (VIOLATED)
   I_RISC_CORE/I_STACK_TOP_I1_STACK_MEM_Stack_Mem_reg_7__1_/SI
                                                            -0.022  (VIOLATED)
   I_RISC_CORE/I_STACK_TOP_I2_STACK_MEM_Stack_Mem_reg_0__0_/SI
                                                            -0.022  (VIOLATED)
   I_RISC_CORE/I_STACK_TOP_I2_STACK_MEM_Stack_Mem_reg_0__1_/SI
                                                            -0.022  (VIOLATED)
   I_RISC_CORE/I_STACK_TOP_I2_STACK_MEM_Stack_Mem_reg_2__0_/SI
                                                            -0.022  (VIOLATED)
   I_RISC_CORE/I_STACK_TOP_I2_STACK_MEM_Stack_Mem_reg_3__3_/SI
                                                            -0.022  (VIOLATED)
   I_RISC_CORE/I_STACK_TOP_I2_STACK_MEM_Stack_Mem_reg_4__2_/SI
                                                            -0.022  (VIOLATED)
   I_RISC_CORE/I_STACK_TOP_I2_STACK_MEM_Stack_Mem_reg_5__0_/SI
                                                            -0.022  (VIOLATED)
   I_RISC_CORE/I_STACK_TOP_I2_STACK_MEM_Stack_Mem_reg_5__1_/SI
                                                            -0.022  (VIOLATED)
   I_RISC_CORE/I_STACK_TOP_I2_STACK_MEM_Stack_Mem_reg_6__0_/SI
                                                            -0.022  (VIOLATED)
   I_RISC_CORE/I_STACK_TOP_I2_STACK_MEM_Stack_Mem_reg_7__2_/SI
                                                            -0.022  (VIOLATED)
   I_RISC_CORE/I_STACK_TOP_I2_STACK_MEM_Stack_Mem_reg_7__3_/SI
                                                            -0.022  (VIOLATED)
   I_RISC_CORE/I_STACK_TOP_I3_STACK_MEM_PopDataOut_reg_2_/SI
                                                            -0.022  (VIOLATED)
   I_RISC_CORE/I_STACK_TOP_I3_STACK_MEM_Stack_Mem_reg_1__2_/SI
                                                            -0.022  (VIOLATED)
   I_RISC_CORE/I_STACK_TOP_I1_STACK_MEM_Stack_Mem_reg_5__1_/SI
                                                            -0.022  (VIOLATED)
   I_RISC_CORE/I_STACK_TOP_I1_STACK_MEM_Stack_Mem_reg_3__3_/SI
                                                            -0.020  (VIOLATED)
   I_RISC_CORE/I_STACK_TOP_I1_STACK_MEM_Stack_Mem_reg_5__2_/SI
                                                            -0.020  (VIOLATED)
   I_RISC_CORE/I_STACK_TOP_I1_STACK_MEM_Stack_Mem_reg_6__1_/SI
                                                            -0.020  (VIOLATED)
   I_RISC_CORE/I_STACK_TOP_I1_STACK_MEM_Stack_Mem_reg_7__2_/SI
                                                            -0.020  (VIOLATED)
   I_RISC_CORE/I_STACK_TOP_I2_STACK_MEM_Stack_Mem_reg_0__3_/SI
                                                            -0.020  (VIOLATED)
   I_RISC_CORE/I_STACK_TOP_I2_STACK_MEM_Stack_Mem_reg_1__0_/SI
                                                            -0.020  (VIOLATED)
   I_RISC_CORE/I_STACK_TOP_I2_STACK_MEM_Stack_Mem_reg_3__0_/SI
                                                            -0.020  (VIOLATED)
   I_RISC_CORE/I_STACK_TOP_I2_STACK_MEM_Stack_Mem_reg_3__2_/SI
                                                            -0.020  (VIOLATED)
   I_RISC_CORE/I_STACK_TOP_I2_STACK_MEM_Stack_Mem_reg_4__1_/SI
                                                            -0.020  (VIOLATED)
   I_RISC_CORE/I_STACK_TOP_I2_STACK_MEM_Stack_Mem_reg_4__3_/SI
                                                            -0.020  (VIOLATED)
   I_RISC_CORE/I_STACK_TOP_I2_STACK_MEM_Stack_Mem_reg_5__2_/SI
                                                            -0.020  (VIOLATED)
   I_RISC_CORE/I_STACK_TOP_I2_STACK_MEM_Stack_Mem_reg_6__3_/SI
                                                            -0.020  (VIOLATED)
   I_RISC_CORE/I_STACK_TOP_I2_STACK_MEM_Stack_Mem_reg_7__1_/SI
                                                            -0.020  (VIOLATED)
   I_RISC_CORE/I_STACK_TOP_I3_STACK_MEM_Stack_Mem_reg_4__2_/SI
                                                            -0.020  (VIOLATED)
   I_RISC_CORE/I_STACK_TOP_I1_STACK_MEM_PopDataOut_reg_3_/SI
                                                            -0.001  (VIOLATED)
   I_RISC_CORE/I_ALU_Lachd_Result_reg_2_/SI                 -0.001  (VIOLATED)
   I_RISC_CORE/I_ALU_Lachd_Result_reg_4_/SI                 -0.001  (VIOLATED)
   I_RISC_CORE/I_ALU_Lachd_Result_reg_8_/SI                 -0.001  (VIOLATED)
   I_RISC_CORE/I_ALU_Lachd_Result_reg_9_/SI                 -0.001  (VIOLATED)
   I_RISC_CORE/I_ALU_Lachd_Result_reg_11_/SI                -0.001  (VIOLATED)
   I_RISC_CORE/I_STACK_TOP_I2_STACK_MEM_Stack_Mem_reg_5__3_/SI
                                                            -0.001  (VIOLATED)
   I_RISC_CORE/I_STACK_TOP_I3_STACK_MEM_Stack_Mem_reg_5__2_/SI
                                                            -0.001  (VIOLATED)

   max_delay/setup ('SYS_CLK' group)

   Endpoint                                                  Slack
   -----------------------------------------------------------------
   I_PCI_TOP/I_PCI_WRITE_FIFO_PCI_FIFO_RAM_2/I1[2]          -0.934  (VIOLATED)
   I_PCI_TOP/I_PCI_WRITE_FIFO_PCI_FIFO_RAM_7/I1[2]          -0.792  (VIOLATED)
   I_PCI_TOP/I_PCI_WRITE_FIFO_PCI_FIFO_RAM_2/I1[0]          -0.673  (VIOLATED)
   I_PCI_TOP/I_PCI_WRITE_FIFO_PCI_FIFO_RAM_1/I1[2]          -0.630  (VIOLATED)
   I_PCI_TOP/I_PCI_WRITE_FIFO_PCI_FIFO_RAM_1/I1[1]          -0.621  (VIOLATED)
   I_PCI_TOP/I_PCI_WRITE_FIFO_PCI_FIFO_RAM_3/I1[1]          -0.615  (VIOLATED)
   I_PCI_TOP/I_PCI_WRITE_FIFO_PCI_FIFO_RAM_7/I1[3]          -0.515  (VIOLATED)
   I_PCI_TOP/I_PCI_WRITE_FIFO_PCI_FIFO_RAM_8/I1[0]          -0.515  (VIOLATED)
   I_SDRAM_TOP/I_SDRAM_WRITE_FIFO_SD_FIFO_RAM_1/I1[5]       -0.511  (VIOLATED)
   I_PCI_TOP/I_PCI_WRITE_FIFO_PCI_FIFO_RAM_8/I1[2]          -0.510  (VIOLATED)
   I_SDRAM_TOP/I_SDRAM_WRITE_FIFO_SD_FIFO_RAM_1/I1[2]       -0.478  (VIOLATED)
   I_PCI_TOP/I_PCI_WRITE_FIFO_PCI_FIFO_RAM_5/I1[3]          -0.431  (VIOLATED)
   I_SDRAM_TOP/I_SDRAM_WRITE_FIFO_SD_FIFO_RAM_1/I1[4]       -0.392  (VIOLATED)
   I_SDRAM_TOP/I_SDRAM_WRITE_FIFO_SD_FIFO_RAM_1/I1[12]      -0.375  (VIOLATED)
   I_PCI_TOP/I_PCI_WRITE_FIFO_PCI_FIFO_RAM_5/I1[0]          -0.316  (VIOLATED)
   I_PCI_TOP/I_PCI_WRITE_FIFO_PCI_FIFO_RAM_5/I1[1]          -0.316  (VIOLATED)
   I_PCI_TOP/I_PCI_WRITE_FIFO_PCI_FIFO_RAM_8/I1[1]          -0.316  (VIOLATED)
   I_PCI_TOP/I_PCI_WRITE_FIFO_PCI_FIFO_RAM_7/I1[1]          -0.281  (VIOLATED)
   I_PCI_TOP/I_PCI_WRITE_FIFO_PCI_FIFO_RAM_8/I1[3]          -0.265  (VIOLATED)
   I_SDRAM_TOP/I_SDRAM_WRITE_FIFO_SD_FIFO_RAM_1/I1[7]       -0.252  (VIOLATED)
   I_PCI_TOP/I_PCI_WRITE_FIFO_PCI_FIFO_RAM_7/I1[0]          -0.247  (VIOLATED)
   I_PCI_TOP/I_PCI_WRITE_FIFO_PCI_FIFO_RAM_2/I1[1]          -0.226  (VIOLATED)
   I_SDRAM_TOP/I_SDRAM_WRITE_FIFO_SD_FIFO_RAM_1/I1[10]      -0.189  (VIOLATED)
   I_SDRAM_TOP/I_SDRAM_WRITE_FIFO_SD_FIFO_RAM_1/I1[16]      -0.166  (VIOLATED)
   I_SDRAM_TOP/I_SDRAM_WRITE_FIFO_SD_FIFO_RAM_1/I1[17]      -0.166  (VIOLATED)
   I_SDRAM_TOP/I_SDRAM_WRITE_FIFO_SD_FIFO_RAM_1/I1[29]      -0.166  (VIOLATED)
   I_SDRAM_TOP/I_SDRAM_WRITE_FIFO_SD_FIFO_RAM_1/I1[19]      -0.158  (VIOLATED)
   I_SDRAM_TOP/I_SDRAM_WRITE_FIFO_SD_FIFO_RAM_1/I1[25]      -0.158  (VIOLATED)
   I_SDRAM_TOP/I_SDRAM_WRITE_FIFO_SD_FIFO_RAM_1/I1[23]      -0.157  (VIOLATED)
   I_SDRAM_TOP/I_SDRAM_WRITE_FIFO_SD_FIFO_RAM_1/I1[20]      -0.157  (VIOLATED)
   I_SDRAM_TOP/I_SDRAM_WRITE_FIFO_SD_FIFO_RAM_1/I1[21]      -0.157  (VIOLATED)
   I_SDRAM_TOP/I_SDRAM_WRITE_FIFO_SD_FIFO_RAM_1/I1[22]      -0.157  (VIOLATED)
   I_SDRAM_TOP/I_SDRAM_WRITE_FIFO_SD_FIFO_RAM_1/I1[6]       -0.157  (VIOLATED)
   I_SDRAM_TOP/I_SDRAM_WRITE_FIFO_SD_FIFO_RAM_1/I1[3]       -0.124  (VIOLATED)
   I_SDRAM_TOP/I_SDRAM_WRITE_FIFO_SD_FIFO_RAM_1/I1[26]      -0.105  (VIOLATED)
   I_SDRAM_TOP/I_SDRAM_WRITE_FIFO_SD_FIFO_RAM_1/I1[27]      -0.105  (VIOLATED)
   I_SDRAM_TOP/I_SDRAM_WRITE_FIFO_SD_FIFO_RAM_1/I1[28]      -0.105  (VIOLATED)
   I_SDRAM_TOP/I_SDRAM_WRITE_FIFO_SD_FIFO_RAM_1/I1[30]      -0.101  (VIOLATED)
   I_SDRAM_TOP/I_SDRAM_WRITE_FIFO_SD_FIFO_RAM_1/I1[31]      -0.100  (VIOLATED)
   I_PCI_TOP/I_PCI_WRITE_FIFO_PCI_FIFO_RAM_4/I1[3]          -0.066  (VIOLATED)
   I_PCI_TOP/I_PCI_WRITE_FIFO_PCI_FIFO_RAM_3/I1[3]          -0.057  (VIOLATED)
   I_PCI_TOP/I_PCI_WRITE_FIFO_PCI_FIFO_RAM_6/I1[3]          -0.032  (VIOLATED)
   I_PCI_TOP/I_PCI_WRITE_FIFO_PCI_FIFO_RAM_6/I1[2]          -0.032  (VIOLATED)
   I_PCI_TOP/I_PCI_WRITE_FIFO_PCI_FIFO_RAM_6/I1[0]          -0.032  (VIOLATED)
   I_PCI_TOP/I_PCI_WRITE_FIFO_PCI_FIFO_RAM_6/I1[1]          -0.032  (VIOLATED)




   sequential_clock_pulse_width

                             Required        Actual
   Pin                      pulse width    pulse width       Slack
   -----------------------------------------------------------------
   I_RISC_CORE/I_PRGRM_CNT_TOP_I_PRGRM_FSM_Current_State_reg_1_/CLK (low)
                               1.060          0.938         -0.122  (VIOLATED)
   I_RISC_CORE/I_PRGRM_CNT_TOP_I_PRGRM_FSM_Current_State_reg_2_/CLK (low)
                               1.060          0.938         -0.122  (VIOLATED)
   I_RISC_CORE/I_STACK_TOP_I_STACK_FSM_Crnt_Stack_reg_0_/CLK (low)
                               1.060          0.939         -0.121  (VIOLATED)
   I_RISC_CORE/I_STACK_TOP_I_STACK_FSM_TOS_int_reg_0_/CLK (low)
                               1.060          0.939         -0.121  (VIOLATED)
   I_RISC_CORE/I_PRGRM_CNT_TOP_I_PRGRM_CNT_PCint_reg_2_/CLK (low)
                               1.060          0.943         -0.118  (VIOLATED)
   I_RISC_CORE/I_PRGRM_CNT_TOP_I_PRGRM_CNT_PCint_reg_4_/CLK (low)
                               1.060          0.943         -0.118  (VIOLATED)
   I_RISC_CORE/I_PRGRM_CNT_TOP_I_PRGRM_CNT_PCint_reg_5_/CLK (low)
                               1.060          0.943         -0.118  (VIOLATED)
   I_CLOCKING/sys_2x_rst_ff_reg/CLK (low)
                               1.036          0.936         -0.099  (VIOLATED)
   I_RISC_CORE/I_CONTROL_UseData_Imm_Or_ALU_reg/CLK (low)
                               1.036          0.938         -0.098  (VIOLATED)
   I_RISC_CORE/I_CONTROL_UseData_Imm_Or_RegB_reg/CLK (low)
                               1.036          0.938         -0.098  (VIOLATED)
   I_RISC_CORE/I_PRGRM_CNT_TOP_I_PRGRM_FSM_Current_State_reg_0_/CLK (low)
                               1.036          0.938         -0.098  (VIOLATED)
   I_RISC_CORE/I_STACK_TOP_I_STACK_FSM_STACK_FULL_reg/CLK (low)
                               1.036          0.938         -0.098  (VIOLATED)
   I_RISC_CORE/I_STACK_TOP_I_STACK_FSM_Crnt_Stack_reg_1_/CLK (low)
                               1.036          0.939         -0.096  (VIOLATED)
   I_RISC_CORE/I_STACK_TOP_I_STACK_FSM_TOS_int_reg_1_/CLK (low)
                               1.036          0.939         -0.096  (VIOLATED)
   I_RISC_CORE/I_STACK_TOP_I_STACK_FSM_TOS_int_reg_2_/CLK (low)
                               1.036          0.939         -0.096  (VIOLATED)
   I_RISC_CORE/I_DATA_PATH_PSWL_Zro_reg/CLK (low)
                               1.036          0.939         -0.096  (VIOLATED)
   I_RISC_CORE/R_32/CLK (low)
                               1.036          0.939         -0.096  (VIOLATED)
   I_RISC_CORE/I_PRGRM_CNT_TOP_I_PRGRM_CNT_PCint_reg_0_/CLK (low)
                               1.036          0.943         -0.093  (VIOLATED)
   I_RISC_CORE/I_PRGRM_CNT_TOP_I_PRGRM_CNT_PCint_reg_1_/CLK (low)
                               1.036          0.943         -0.093  (VIOLATED)
   I_RISC_CORE/I_PRGRM_CNT_TOP_I_PRGRM_CNT_PCint_reg_3_/CLK (low)
                               1.036          0.943         -0.093  (VIOLATED)
   I_RISC_CORE/I_PRGRM_CNT_TOP_I_PRGRM_CNT_PCint_reg_6_/CLK (low)
                               1.036          0.943         -0.093  (VIOLATED)
   I_RISC_CORE/I_PRGRM_CNT_TOP_I_PRGRM_CNT_PCint_reg_7_/CLK (low)
                               1.036          0.943         -0.093  (VIOLATED)
   I_RISC_CORE/I_INSTRN_LAT_Crnt_Instrn_2_reg_3_/CLK (low)
                               0.964          0.939         -0.024  (VIOLATED)
   I_RISC_CORE/I_INSTRN_LAT_Crnt_Instrn_2_reg_4_/CLK (low)
                               0.964          0.939         -0.024  (VIOLATED)
   I_RISC_CORE/I_INSTRN_LAT_Crnt_Instrn_2_reg_6_/CLK (low)
                               0.964          0.939         -0.024  (VIOLATED)
   I_RISC_CORE/I_INSTRN_LAT_Crnt_Instrn_2_reg_12_/CLK (low)
                               0.964          0.939         -0.024  (VIOLATED)
   I_RISC_CORE/I_INSTRN_LAT_Crnt_Instrn_2_reg_21_/CLK (low)
                               0.964          0.939         -0.024  (VIOLATED)
   I_RISC_CORE/I_INSTRN_LAT_Crnt_Instrn_2_reg_25_/CLK (low)
                               0.964          0.939         -0.024  (VIOLATED)
   I_RISC_CORE/I_DATA_PATH_Oprnd_A_reg_5_/CLK (low)
                               0.964          0.940         -0.024  (VIOLATED)
   I_RISC_CORE/I_DATA_PATH_Oprnd_A_reg_6_/CLK (low)
                               0.964          0.940         -0.024  (VIOLATED)
   I_RISC_CORE/I_DATA_PATH_Oprnd_A_reg_7_/CLK (low)
                               0.964          0.940         -0.024  (VIOLATED)
   I_RISC_CORE/I_DATA_PATH_Oprnd_A_reg_10_/CLK (low)
                               0.964          0.940         -0.024  (VIOLATED)
   I_RISC_CORE/I_DATA_PATH_Oprnd_A_reg_11_/CLK (low)
                               0.964          0.940         -0.024  (VIOLATED)
   I_RISC_CORE/I_DATA_PATH_Oprnd_A_reg_13_/CLK (low)
                               0.964          0.940         -0.024  (VIOLATED)
   I_RISC_CORE/I_DATA_PATH_Oprnd_B_reg_11_/CLK (low)
                               0.964          0.940         -0.023  (VIOLATED)
   I_RISC_CORE/I_DATA_PATH_Oprnd_B_reg_12_/CLK (low)
                               0.964          0.940         -0.023  (VIOLATED)
   I_RISC_CORE/I_DATA_PATH_Oprnd_B_reg_14_/CLK (low)
                               0.964          0.940         -0.023  (VIOLATED)
   I_RISC_CORE/I_DATA_PATH_Oprnd_B_reg_15_/CLK (low)
                               0.964          0.940         -0.023  (VIOLATED)


   max_capacitance

                             Required        Actual
   Pin                      Capacitance    Capacitance       Slack
   -----------------------------------------------------------------
   ZBUF_145_inst_23334/Y      82.000        160.274        -78.274  (VIOLATED)
   HFSBUF_11_235/Y            82.000        100.004        -18.004  (VIOLATED)
   HFSBUF_11_236/Y            82.000        100.004        -18.004  (VIOLATED)
   HFSBUF_11_238/Y            82.000        100.004        -18.004  (VIOLATED)
   HFSBUF_11_240/Y            82.000        100.004        -18.004  (VIOLATED)
   HFSBUF_11_241/Y            82.000        100.004        -18.004  (VIOLATED)
   HFSBUF_11_243/Y            82.000        100.004        -18.004  (VIOLATED)
   HFSBUF_11_245/Y            82.000        100.004        -18.004  (VIOLATED)
   HFSBUF_11_247/Y            82.000        100.004        -18.004  (VIOLATED)
   HFSBUF_11_248/Y            82.000        100.004        -18.004  (VIOLATED)
   HFSBUF_11_249/Y            82.000        100.004        -18.004  (VIOLATED)
   HFSBUF_11_252/Y            82.000        100.004        -18.004  (VIOLATED)
   HFSBUF_11_256/Y            82.000        100.004        -18.004  (VIOLATED)
   HFSBUF_11_263/Y            82.000        100.004        -18.004  (VIOLATED)
   ZBUF_4_inst_23337/Y        82.000        100.004        -18.004  (VIOLATED)
   ZBUF_4_inst_23338/Y        82.000        100.004        -18.004  (VIOLATED)
   ZBUF_4_inst_23342/Y        82.000        100.004        -18.004  (VIOLATED)
   ZBUF_4_inst_23344/Y        82.000        100.004        -18.004  (VIOLATED)
   ZBUF_4_inst_23345/Y        82.000        100.004        -18.004  (VIOLATED)
   ZBUF_4_inst_23346/Y        82.000        100.004        -18.004  (VIOLATED)
   ZBUF_4_inst_23347/Y        82.000        100.004        -18.004  (VIOLATED)
   ZBUF_4_inst_53985/Y        82.000        100.004        -18.004  (VIOLATED)
   ZBUF_4_inst_55168/Y        82.000        100.004        -18.004  (VIOLATED)
   ZBUF_4_inst_55169/Y        82.000        100.004        -18.004  (VIOLATED)
   ZBUF_4_inst_55170/Y        82.000        100.004        -18.004  (VIOLATED)
   ZBUF_4_inst_55171/Y        82.000        100.004        -18.004  (VIOLATED)
   ZBUF_4_inst_55172/Y        82.000        100.004        -18.004  (VIOLATED)
   ZBUF_4_inst_55173/Y        82.000        100.004        -18.004  (VIOLATED)
   ZBUF_4_inst_55174/Y        82.000        100.004        -18.004  (VIOLATED)
   ZBUF_4_inst_55175/Y        82.000        100.004        -18.004  (VIOLATED)
   ZBUF_7_inst_23340/Y        82.000        100.004        -18.004  (VIOLATED)


   min_capacitance

                             Required        Actual
   Pin                      Capacitance    Capacitance       Slack
   -----------------------------------------------------------------
   I_RISC_CORE/I_REG_FILE_REG_FILE_B_RAM/O2[0]
                               0.100          0.011         -0.089  (VIOLATED)
   I_RISC_CORE/I_REG_FILE_REG_FILE_B_RAM/O2[1]
                               0.100          0.011         -0.089  (VIOLATED)
   I_RISC_CORE/I_REG_FILE_REG_FILE_B_RAM/O2[2]
                               0.100          0.011         -0.089  (VIOLATED)
   I_RISC_CORE/I_REG_FILE_REG_FILE_B_RAM/O2[3]
                               0.100          0.011         -0.089  (VIOLATED)
   I_RISC_CORE/I_REG_FILE_REG_FILE_B_RAM/O2[4]
                               0.100          0.011         -0.089  (VIOLATED)
   I_RISC_CORE/I_REG_FILE_REG_FILE_B_RAM/O2[5]
                               0.100          0.011         -0.089  (VIOLATED)
   I_RISC_CORE/I_REG_FILE_REG_FILE_B_RAM/O2[6]
                               0.100          0.011         -0.089  (VIOLATED)
   I_RISC_CORE/I_REG_FILE_REG_FILE_B_RAM/O2[7]
                               0.100          0.011         -0.089  (VIOLATED)
   I_RISC_CORE/I_REG_FILE_REG_FILE_D_RAM/O2[8]
                               0.100          0.011         -0.089  (VIOLATED)
   I_RISC_CORE/I_REG_FILE_REG_FILE_D_RAM/O2[9]
                               0.100          0.011         -0.089  (VIOLATED)
   I_RISC_CORE/I_REG_FILE_REG_FILE_D_RAM/O2[10]
                               0.100          0.011         -0.089  (VIOLATED)
   I_RISC_CORE/I_REG_FILE_REG_FILE_D_RAM/O2[11]
                               0.100          0.011         -0.089  (VIOLATED)
   I_RISC_CORE/I_REG_FILE_REG_FILE_D_RAM/O2[12]
                               0.100          0.011         -0.089  (VIOLATED)
   I_RISC_CORE/I_REG_FILE_REG_FILE_D_RAM/O2[13]
                               0.100          0.011         -0.089  (VIOLATED)
   I_RISC_CORE/I_REG_FILE_REG_FILE_D_RAM/O2[14]
                               0.100          0.011         -0.089  (VIOLATED)
   I_RISC_CORE/I_REG_FILE_REG_FILE_D_RAM/O2[15]
                               0.100          0.011         -0.089  (VIOLATED)


1
