****************************************
Report : constraint
	-all_violators
	-path slack_only
Design : ORCA_TOP
Version: O-2018.06
Date   : Tue May 23 19:18:54 2023
****************************************


   max_delay/setup ('INPUTS' group)

   Endpoint                                                  Slack
   -----------------------------------------------------------------
   sd_DQ_out[10]                                            -1.388  (VIOLATED)
   sd_DQ_out[14]                                            -1.388  (VIOLATED)
   sd_DQ_out[0]                                             -1.344  (VIOLATED)
   sd_DQ_out[1]                                             -1.344  (VIOLATED)
   sd_DQ_out[2]                                             -1.344  (VIOLATED)
   sd_DQ_out[3]                                             -1.344  (VIOLATED)
   sd_DQ_out[4]                                             -1.344  (VIOLATED)
   sd_DQ_out[5]                                             -1.344  (VIOLATED)
   sd_DQ_out[6]                                             -1.344  (VIOLATED)
   sd_DQ_out[7]                                             -1.344  (VIOLATED)
   sd_DQ_out[8]                                             -1.344  (VIOLATED)
   sd_DQ_out[9]                                             -1.344  (VIOLATED)
   sd_DQ_out[11]                                            -1.344  (VIOLATED)
   sd_DQ_out[12]                                            -1.344  (VIOLATED)
   sd_DQ_out[13]                                            -1.344  (VIOLATED)
   sd_DQ_out[15]                                            -1.344  (VIOLATED)
   sd_DQ_out[16]                                            -1.344  (VIOLATED)
   sd_DQ_out[17]                                            -1.344  (VIOLATED)
   sd_DQ_out[18]                                            -1.344  (VIOLATED)
   sd_DQ_out[19]                                            -1.344  (VIOLATED)
   sd_DQ_out[20]                                            -1.344  (VIOLATED)
   sd_DQ_out[21]                                            -1.344  (VIOLATED)
   sd_DQ_out[22]                                            -1.344  (VIOLATED)
   sd_DQ_out[23]                                            -1.344  (VIOLATED)
   sd_DQ_out[24]                                            -1.344  (VIOLATED)
   sd_DQ_out[25]                                            -1.344  (VIOLATED)
   sd_DQ_out[26]                                            -1.344  (VIOLATED)
   sd_DQ_out[27]                                            -1.344  (VIOLATED)
   sd_DQ_out[28]                                            -1.344  (VIOLATED)
   sd_DQ_out[29]                                            -1.344  (VIOLATED)
   sd_DQ_out[30]                                            -1.344  (VIOLATED)
   sd_DQ_out[31]                                            -1.344  (VIOLATED)
   I_SDRAM_TOP/I_SDRAM_IF/DQ_in_0_reg_13_/D                 -0.719  (VIOLATED)
   I_SDRAM_TOP/I_SDRAM_IF/DQ_in_0_reg_17_/D                 -0.650  (VIOLATED)
   I_SDRAM_TOP/I_SDRAM_IF/DQ_in_0_reg_21_/D                 -0.648  (VIOLATED)
   I_SDRAM_TOP/I_SDRAM_IF/DQ_in_0_reg_25_/D                 -0.648  (VIOLATED)
   I_SDRAM_TOP/I_SDRAM_IF/DQ_in_0_reg_3_/D                  -0.636  (VIOLATED)
   I_SDRAM_TOP/I_SDRAM_IF/DQ_in_0_reg_7_/D                  -0.636  (VIOLATED)
   I_SDRAM_TOP/I_SDRAM_IF/DQ_in_1_reg_21_/D                 -0.633  (VIOLATED)
   I_SDRAM_TOP/I_SDRAM_IF/DQ_in_1_reg_25_/D                 -0.633  (VIOLATED)
   I_SDRAM_TOP/I_SDRAM_IF/DQ_in_1_reg_17_/D                 -0.630  (VIOLATED)
   I_SDRAM_TOP/I_SDRAM_IF/DQ_in_1_reg_13_/D                 -0.622  (VIOLATED)
   I_SDRAM_TOP/I_SDRAM_IF/DQ_in_0_reg_8_/D                  -0.618  (VIOLATED)
   I_SDRAM_TOP/I_SDRAM_IF/DQ_in_0_reg_0_/D                  -0.616  (VIOLATED)
   I_SDRAM_TOP/I_SDRAM_IF/DQ_in_0_reg_4_/D                  -0.616  (VIOLATED)
   I_SDRAM_TOP/I_SDRAM_IF/DQ_in_0_reg_10_/D                 -0.616  (VIOLATED)
   I_SDRAM_TOP/I_SDRAM_IF/DQ_in_0_reg_16_/D                 -0.616  (VIOLATED)
   I_SDRAM_TOP/I_SDRAM_IF/DQ_in_0_reg_2_/D                  -0.616  (VIOLATED)
   I_SDRAM_TOP/I_SDRAM_IF/DQ_in_0_reg_30_/D                 -0.615  (VIOLATED)
   I_SDRAM_TOP/I_SDRAM_IF/DQ_in_0_reg_24_/D                 -0.614  (VIOLATED)
   I_SDRAM_TOP/I_SDRAM_IF/DQ_in_1_reg_3_/D                  -0.606  (VIOLATED)
   I_SDRAM_TOP/I_SDRAM_IF/DQ_in_1_reg_7_/D                  -0.606  (VIOLATED)
   I_SDRAM_TOP/I_SDRAM_IF/DQ_in_1_reg_24_/D                 -0.589  (VIOLATED)
   I_SDRAM_TOP/I_SDRAM_IF/DQ_in_1_reg_30_/D                 -0.589  (VIOLATED)
   I_SDRAM_TOP/I_SDRAM_IF/DQ_in_1_reg_4_/D                  -0.588  (VIOLATED)
   I_SDRAM_TOP/I_SDRAM_IF/DQ_in_1_reg_10_/D                 -0.588  (VIOLATED)
   I_SDRAM_TOP/I_SDRAM_IF/DQ_in_1_reg_16_/D                 -0.588  (VIOLATED)
   I_SDRAM_TOP/I_SDRAM_IF/DQ_in_1_reg_0_/D                  -0.587  (VIOLATED)
   I_SDRAM_TOP/I_SDRAM_IF/DQ_in_1_reg_2_/D                  -0.587  (VIOLATED)
   I_SDRAM_TOP/I_SDRAM_IF/DQ_in_1_reg_8_/D                  -0.585  (VIOLATED)
   I_SDRAM_TOP/I_SDRAM_IF/DQ_in_0_reg_6_/D                  -0.583  (VIOLATED)
   I_SDRAM_TOP/I_SDRAM_IF/DQ_in_0_reg_12_/D                 -0.583  (VIOLATED)
   I_SDRAM_TOP/I_SDRAM_IF/DQ_in_0_reg_14_/D                 -0.583  (VIOLATED)
   I_SDRAM_TOP/I_SDRAM_IF/DQ_in_0_reg_18_/D                 -0.583  (VIOLATED)
   I_SDRAM_TOP/I_SDRAM_IF/DQ_in_0_reg_20_/D                 -0.583  (VIOLATED)
   I_SDRAM_TOP/I_SDRAM_IF/DQ_in_0_reg_22_/D                 -0.583  (VIOLATED)
   I_SDRAM_TOP/I_SDRAM_IF/DQ_in_0_reg_26_/D                 -0.583  (VIOLATED)
   I_SDRAM_TOP/I_SDRAM_IF/DQ_in_0_reg_1_/D                  -0.582  (VIOLATED)
   I_SDRAM_TOP/I_SDRAM_IF/DQ_in_0_reg_5_/D                  -0.582  (VIOLATED)
   I_SDRAM_TOP/I_SDRAM_IF/DQ_in_0_reg_9_/D                  -0.582  (VIOLATED)
   I_SDRAM_TOP/I_SDRAM_IF/DQ_in_0_reg_11_/D                 -0.582  (VIOLATED)
   I_SDRAM_TOP/I_SDRAM_IF/DQ_in_0_reg_15_/D                 -0.582  (VIOLATED)
   I_SDRAM_TOP/I_SDRAM_IF/DQ_in_0_reg_19_/D                 -0.582  (VIOLATED)
   I_SDRAM_TOP/I_SDRAM_IF/DQ_in_0_reg_23_/D                 -0.582  (VIOLATED)
   I_SDRAM_TOP/I_SDRAM_IF/DQ_in_0_reg_28_/D                 -0.582  (VIOLATED)
   I_SDRAM_TOP/I_SDRAM_IF/DQ_in_1_reg_1_/D                  -0.558  (VIOLATED)
   I_SDRAM_TOP/I_SDRAM_IF/DQ_in_1_reg_6_/D                  -0.558  (VIOLATED)
   I_SDRAM_TOP/I_SDRAM_IF/DQ_in_1_reg_12_/D                 -0.558  (VIOLATED)
   I_SDRAM_TOP/I_SDRAM_IF/DQ_in_1_reg_14_/D                 -0.558  (VIOLATED)
   I_SDRAM_TOP/I_SDRAM_IF/DQ_in_1_reg_18_/D                 -0.558  (VIOLATED)
   I_SDRAM_TOP/I_SDRAM_IF/DQ_in_1_reg_20_/D                 -0.558  (VIOLATED)
   I_SDRAM_TOP/I_SDRAM_IF/DQ_in_1_reg_22_/D                 -0.558  (VIOLATED)
   I_SDRAM_TOP/I_SDRAM_IF/DQ_in_1_reg_26_/D                 -0.558  (VIOLATED)
   I_SDRAM_TOP/I_SDRAM_IF/DQ_in_1_reg_5_/D                  -0.557  (VIOLATED)
   I_SDRAM_TOP/I_SDRAM_IF/DQ_in_1_reg_9_/D                  -0.557  (VIOLATED)
   I_SDRAM_TOP/I_SDRAM_IF/DQ_in_1_reg_11_/D                 -0.557  (VIOLATED)
   I_SDRAM_TOP/I_SDRAM_IF/DQ_in_1_reg_15_/D                 -0.557  (VIOLATED)
   I_SDRAM_TOP/I_SDRAM_IF/DQ_in_1_reg_19_/D                 -0.557  (VIOLATED)
   I_SDRAM_TOP/I_SDRAM_IF/DQ_in_1_reg_23_/D                 -0.557  (VIOLATED)
   I_SDRAM_TOP/I_SDRAM_IF/DQ_in_1_reg_28_/D                 -0.557  (VIOLATED)
   I_SDRAM_TOP/I_SDRAM_IF/DQ_in_0_reg_27_/D                 -0.526  (VIOLATED)
   I_SDRAM_TOP/I_SDRAM_IF/DQ_in_0_reg_29_/D                 -0.526  (VIOLATED)
   I_SDRAM_TOP/I_SDRAM_IF/DQ_in_0_reg_31_/D                 -0.526  (VIOLATED)
   I_SDRAM_TOP/I_SDRAM_IF/DQ_in_1_reg_27_/D                 -0.501  (VIOLATED)
   I_SDRAM_TOP/I_SDRAM_IF/DQ_in_1_reg_29_/D                 -0.501  (VIOLATED)
   I_SDRAM_TOP/I_SDRAM_IF/DQ_in_1_reg_31_/D                 -0.501  (VIOLATED)

   max_delay/setup ('OUTPUTS' group)

   Endpoint                                                  Slack
   -----------------------------------------------------------------
   sd_DQ_out[23]                                            -2.321  (VIOLATED)
   sd_DQ_out[30]                                            -2.319  (VIOLATED)
   sd_DQ_out[19]                                            -2.267  (VIOLATED)
   sd_DQ_out[3]                                             -2.265  (VIOLATED)
   sd_A[6]                                                  -2.049  (VIOLATED)
   sd_DQ_out[10]                                            -2.047  (VIOLATED)
   sd_DQ_out[14]                                            -2.047  (VIOLATED)
   sd_A[8]                                                  -2.046  (VIOLATED)
   sd_RW                                                    -2.009  (VIOLATED)
   sd_DQ_out[8]                                             -2.007  (VIOLATED)
   sd_DQ_out[26]                                            -2.007  (VIOLATED)
   sd_BWS[0]                                                -2.006  (VIOLATED)
   sd_DQ_out[9]                                             -2.006  (VIOLATED)
   sd_DQ_out[1]                                             -2.006  (VIOLATED)
   sd_DQ_out[2]                                             -2.006  (VIOLATED)
   sd_DQ_out[4]                                             -2.006  (VIOLATED)
   sd_DQ_out[5]                                             -2.006  (VIOLATED)
   sd_DQ_out[6]                                             -2.006  (VIOLATED)
   sd_DQ_out[7]                                             -2.006  (VIOLATED)
   sd_DQ_out[11]                                            -2.006  (VIOLATED)
   sd_DQ_out[15]                                            -2.006  (VIOLATED)
   sd_DQ_out[16]                                            -2.006  (VIOLATED)
   sd_DQ_out[17]                                            -2.006  (VIOLATED)
   sd_DQ_out[18]                                            -2.006  (VIOLATED)
   sd_DQ_out[20]                                            -2.006  (VIOLATED)
   sd_DQ_out[22]                                            -2.006  (VIOLATED)
   sd_DQ_out[24]                                            -2.006  (VIOLATED)
   sd_DQ_out[25]                                            -2.006  (VIOLATED)
   sd_DQ_out[27]                                            -2.006  (VIOLATED)
   sd_DQ_out[29]                                            -2.006  (VIOLATED)
   sd_DQ_out[31]                                            -2.005  (VIOLATED)
   sd_DQ_out[28]                                            -2.005  (VIOLATED)
   sd_LD                                                    -2.005  (VIOLATED)
   sd_DQ_out[0]                                             -2.004  (VIOLATED)
   sd_DQ_out[21]                                            -2.004  (VIOLATED)
   sd_BWS[1]                                                -2.004  (VIOLATED)
   sd_DQ_out[12]                                            -2.004  (VIOLATED)
   sd_DQ_out[13]                                            -2.004  (VIOLATED)
   sd_A[7]                                                  -2.002  (VIOLATED)
   sd_A[9]                                                  -2.001  (VIOLATED)
   sd_A[5]                                                  -1.998  (VIOLATED)
   sd_A[1]                                                  -1.904  (VIOLATED)
   sd_A[2]                                                  -1.904  (VIOLATED)
   sd_A[3]                                                  -1.904  (VIOLATED)
   sd_DQ_en[0]                                              -1.903  (VIOLATED)
   sd_DQ_en[1]                                              -1.903  (VIOLATED)
   sd_DQ_en[2]                                              -1.903  (VIOLATED)
   sd_DQ_en[3]                                              -1.903  (VIOLATED)
   sd_DQ_en[4]                                              -1.903  (VIOLATED)
   sd_DQ_en[5]                                              -1.903  (VIOLATED)
   sd_DQ_en[6]                                              -1.903  (VIOLATED)
   sd_DQ_en[7]                                              -1.903  (VIOLATED)
   sd_DQ_en[8]                                              -1.903  (VIOLATED)
   sd_DQ_en[9]                                              -1.903  (VIOLATED)
   sd_DQ_en[10]                                             -1.903  (VIOLATED)
   sd_DQ_en[11]                                             -1.903  (VIOLATED)
   sd_DQ_en[12]                                             -1.903  (VIOLATED)
   sd_DQ_en[13]                                             -1.903  (VIOLATED)
   sd_DQ_en[14]                                             -1.903  (VIOLATED)
   sd_DQ_en[15]                                             -1.903  (VIOLATED)
   sd_DQ_en[16]                                             -1.903  (VIOLATED)
   sd_DQ_en[17]                                             -1.903  (VIOLATED)
   sd_DQ_en[18]                                             -1.903  (VIOLATED)
   sd_DQ_en[19]                                             -1.903  (VIOLATED)
   sd_DQ_en[20]                                             -1.903  (VIOLATED)
   sd_DQ_en[21]                                             -1.903  (VIOLATED)
   sd_DQ_en[22]                                             -1.903  (VIOLATED)
   sd_DQ_en[23]                                             -1.903  (VIOLATED)
   sd_DQ_en[24]                                             -1.903  (VIOLATED)
   sd_DQ_en[25]                                             -1.903  (VIOLATED)
   sd_DQ_en[26]                                             -1.903  (VIOLATED)
   sd_DQ_en[27]                                             -1.903  (VIOLATED)
   sd_DQ_en[28]                                             -1.903  (VIOLATED)
   sd_DQ_en[29]                                             -1.903  (VIOLATED)
   sd_DQ_en[30]                                             -1.903  (VIOLATED)
   sd_DQ_en[31]                                             -1.903  (VIOLATED)
   sd_A[0]                                                  -1.901  (VIOLATED)
   sd_A[4]                                                  -1.898  (VIOLATED)
   pad_out[17]                                              -0.589  (VIOLATED)
   pad_out[21]                                              -0.589  (VIOLATED)
   pad_out[29]                                              -0.587  (VIOLATED)
   pad_out[30]                                              -0.582  (VIOLATED)
   pad_out[2]                                               -0.568  (VIOLATED)
   pad_out[3]                                               -0.568  (VIOLATED)
   pad_out[10]                                              -0.568  (VIOLATED)
   pad_out[14]                                              -0.568  (VIOLATED)
   pad_out[25]                                              -0.568  (VIOLATED)
   pad_out[0]                                               -0.568  (VIOLATED)
   pad_out[1]                                               -0.568  (VIOLATED)
   pad_out[7]                                               -0.568  (VIOLATED)
   pad_out[8]                                               -0.568  (VIOLATED)
   pad_out[11]                                              -0.568  (VIOLATED)
   pad_out[12]                                              -0.568  (VIOLATED)
   pad_out[13]                                              -0.568  (VIOLATED)
   pad_out[15]                                              -0.568  (VIOLATED)
   pad_out[18]                                              -0.568  (VIOLATED)
   pad_out[19]                                              -0.568  (VIOLATED)
   pad_out[23]                                              -0.568  (VIOLATED)
   pad_out[26]                                              -0.568  (VIOLATED)
   pad_out[27]                                              -0.568  (VIOLATED)
   pad_out[31]                                              -0.568  (VIOLATED)
   pad_out[6]                                               -0.566  (VIOLATED)
   pad_out[4]                                               -0.565  (VIOLATED)
   pad_out[22]                                              -0.565  (VIOLATED)
   pad_out[24]                                              -0.565  (VIOLATED)
   pad_out[28]                                              -0.565  (VIOLATED)
   pad_out[5]                                               -0.564  (VIOLATED)
   pad_out[9]                                               -0.564  (VIOLATED)
   pad_out[20]                                              -0.555  (VIOLATED)
   pad_out[16]                                              -0.553  (VIOLATED)

   max_delay/setup ('SDRAM_CLK' group)

   Endpoint                                                  Slack
   -----------------------------------------------------------------
   occ_int2/U_clk_control_i_1/pipeline_or_tree_l_reg/D      -0.404  (VIOLATED)
   occ_int2/U_clk_control_i_1/fast_clk_enable_l_reg/D       -0.082  (VIOLATED)
   occ_int2/U_clk_control_i_1/load_n_meta_0_l_reg/D         -0.064  (VIOLATED)



   max_capacitance

                             Required        Actual
   Pin                      Capacitance    Capacitance       Slack
   -----------------------------------------------------------------
   HFSINV_134_562/Y           82.000        160.274        -78.274  (VIOLATED)
   HFSINV_319_561/Y           82.000        160.274        -78.274  (VIOLATED)


   min_capacitance

                             Required        Actual
   Pin                      Capacitance    Capacitance       Slack
   -----------------------------------------------------------------
   I_RISC_CORE/I_REG_FILE_REG_FILE_B_RAM/O2[0]
                               0.100          0.011         -0.089  (VIOLATED)
   I_RISC_CORE/I_REG_FILE_REG_FILE_B_RAM/O2[1]
                               0.100          0.011         -0.089  (VIOLATED)
   I_RISC_CORE/I_REG_FILE_REG_FILE_B_RAM/O2[2]
                               0.100          0.011         -0.089  (VIOLATED)
   I_RISC_CORE/I_REG_FILE_REG_FILE_B_RAM/O2[3]
                               0.100          0.011         -0.089  (VIOLATED)
   I_RISC_CORE/I_REG_FILE_REG_FILE_B_RAM/O2[4]
                               0.100          0.011         -0.089  (VIOLATED)
   I_RISC_CORE/I_REG_FILE_REG_FILE_B_RAM/O2[5]
                               0.100          0.011         -0.089  (VIOLATED)
   I_RISC_CORE/I_REG_FILE_REG_FILE_B_RAM/O2[6]
                               0.100          0.011         -0.089  (VIOLATED)
   I_RISC_CORE/I_REG_FILE_REG_FILE_B_RAM/O2[7]
                               0.100          0.011         -0.089  (VIOLATED)
   I_RISC_CORE/I_REG_FILE_REG_FILE_D_RAM/O2[8]
                               0.100          0.011         -0.089  (VIOLATED)
   I_RISC_CORE/I_REG_FILE_REG_FILE_D_RAM/O2[9]
                               0.100          0.011         -0.089  (VIOLATED)
   I_RISC_CORE/I_REG_FILE_REG_FILE_D_RAM/O2[10]
                               0.100          0.011         -0.089  (VIOLATED)
   I_RISC_CORE/I_REG_FILE_REG_FILE_D_RAM/O2[11]
                               0.100          0.011         -0.089  (VIOLATED)
   I_RISC_CORE/I_REG_FILE_REG_FILE_D_RAM/O2[12]
                               0.100          0.011         -0.089  (VIOLATED)
   I_RISC_CORE/I_REG_FILE_REG_FILE_D_RAM/O2[13]
                               0.100          0.011         -0.089  (VIOLATED)
   I_RISC_CORE/I_REG_FILE_REG_FILE_D_RAM/O2[14]
                               0.100          0.011         -0.089  (VIOLATED)
   I_RISC_CORE/I_REG_FILE_REG_FILE_D_RAM/O2[15]
                               0.100          0.011         -0.089  (VIOLATED)


1
