****************************************
Report : qor
Design : ORCA_TOP
Version: O-2018.06
Date   : Sun May 28 00:44:54 2023
****************************************

  Timing Path Group '**async_default**' (min_delay/hold)
  ---------------------------------------------
  Levels of Logic:                            4
  Critical Path Length:                   0.417
  Critical Path Slack:                    0.025
  Total Negative Slack:                   0.000
  No. of Violating Paths:                     0
  ---------------------------------------------

  Timing Path Group '**clock_gating_default**' (min_delay/hold)
  ---------------------------------------------
  Levels of Logic:                            4
  Critical Path Length:                   0.335
  Critical Path Slack:                    0.172
  Total Negative Slack:                   0.000
  No. of Violating Paths:                     0
  ---------------------------------------------

  Timing Path Group 'PCI_CLK' (min_delay/hold)
  ---------------------------------------------
  Levels of Logic:                            1
  Critical Path Length:                   0.217
  Critical Path Slack:                    0.049
  Total Negative Slack:                   0.000
  No. of Violating Paths:                     0
  ---------------------------------------------

  Timing Path Group 'SDRAM_CLK' (min_delay/hold)
  ---------------------------------------------
  Levels of Logic:                            4
  Critical Path Length:                   0.168
  Critical Path Slack:                   -0.025
  Total Negative Slack:                  -0.025
  No. of Violating Paths:                     1
  ---------------------------------------------

  Timing Path Group 'SD_DDR_CLK' (min_delay/hold)
  ---------------------------------------------
  Levels of Logic:                            5
  Critical Path Length:                   0.123
  Critical Path Slack:                    0.070
  Total Negative Slack:                   0.000
  No. of Violating Paths:                     0
  ---------------------------------------------

  Timing Path Group 'SYS_2x_CLK' (min_delay/hold)
  ---------------------------------------------
  Levels of Logic:                            2
  Critical Path Length:                   0.333
  Critical Path Slack:                    0.036
  Total Negative Slack:                   0.000
  No. of Violating Paths:                     0
  ---------------------------------------------

  Timing Path Group 'SYS_CLK' (min_delay/hold)
  ---------------------------------------------
  Levels of Logic:                            2
  Critical Path Length:                   0.308
  Critical Path Slack:                    0.024
  Total Negative Slack:                   0.000
  No. of Violating Paths:                     0
  ---------------------------------------------

  Timing Path Group 'v_PCI_CLK' (min_delay/hold)
  ---------------------------------------------
  Levels of Logic:                            2
  Critical Path Length:                   0.271
  Critical Path Slack:                   -0.079
  Total Negative Slack:                  -2.279
  No. of Violating Paths:                    32
  ---------------------------------------------

  Cell Count
  ---------------------------------------------
  Hierarchical Cell Count:                   63
  Hierarchical Port Count:                 3308
  Leaf Cell Count:                        46041
  ---------------------------------------------


  Area
  ---------------------------------------------
  Net Interconnect area:              67111.375
  Total cell area:                   383668.062
  Design Area:                       450779.438
  ---------------------------------------------


  Design Rule Violations
  ---------------------------------------------
  Total No. of Pins in Design:           185759
  max_capacitance Count:                      9
  min_capacitance Count:                     16
  max_capacitance Cost:                 -88.437
  min_capacitance Cost:                  -1.424
  Total DRC Cost:                       -89.861
  ---------------------------------------------

1
