****************************************
Report : annotated_parasitics
	-check
	-internal_nets
	-boundary_nets
Design : ORCA_TOP
Version: O-2018.06
Date   : Sun May 28 00:45:06 2023
****************************************

                    |         |         |         |   RC    | Coupled |   Not   |
Net Type            |  Total  | Lumped  |  RC pi  | network | network |Annotated|
--------------------+---------+---------+---------+---------+---------+---------+
Internal nets       |         |         |         |         |         |         |
  - Pin to pin nets |   48872 |       0 |       0 |    3918 |   44954 |       0 |
  - Driverless nets |    1193 |       0 |       0 |       0 |       0 |    1193 |
  - Loadless nets   |      16 |       0 |       0 |       0 |       0 |      16 |
--------------------+---------+---------+---------+---------+---------+---------+
Boundary/port nets  |         |         |         |         |         |         |
  - Pin to pin nets |     184 |       0 |       0 |      22 |     162 |       0 |
  - Driverless nets |       0 |       0 |       0 |       0 |       0 |       0 |
  - Loadless nets   |      14 |       0 |       0 |       0 |       0 |      14 |
--------------------+---------+---------+---------+---------+---------+---------+
                    |   50279 |       0 |       0 |    3940 |   45116 |    1223 |

1
