****************************************
Report : qor
Design : ORCA_TOP
Version: O-2018.06
Date   : Sun May 28 00:44:54 2023
****************************************

  Timing Path Group '**async_default**' (max_delay/setup)
  ---------------------------------------------
  Levels of Logic:                            1
  Critical Path Length:                   6.501
  Critical Path Slack:                   24.672
  Total Negative Slack:                   0.000
  No. of Violating Paths:                     0
  ---------------------------------------------

  Timing Path Group '**clock_gating_default**' (max_delay/setup)
  ---------------------------------------------
  Levels of Logic:                            2
  Critical Path Length:                   1.671
  Critical Path Slack:                   -0.320
  Total Negative Slack:                  -0.320
  No. of Violating Paths:                     1
  ---------------------------------------------

  Timing Path Group 'PCI_CLK' (max_delay/setup)
  ---------------------------------------------
  Levels of Logic:                            4
  Critical Path Length:                   3.982
  Critical Path Slack:                    3.738
  Total Negative Slack:                   0.000
  No. of Violating Paths:                     0
  ---------------------------------------------

  Timing Path Group 'SDRAM_CLK' (max_delay/setup)
  ---------------------------------------------
  Levels of Logic:                            2
  Critical Path Length:                   2.571
  Critical Path Slack:                    1.302
  Total Negative Slack:                   0.000
  No. of Violating Paths:                     0
  ---------------------------------------------

  Timing Path Group 'SD_DDR_CLK' (max_delay/setup)
  ---------------------------------------------
  Levels of Logic:                            4
  Critical Path Length:                   3.451
  Critical Path Slack:                   -0.662
  Total Negative Slack:                  -5.928
  No. of Violating Paths:                    32
  ---------------------------------------------

  Timing Path Group 'SYS_2x_CLK' (max_delay/setup)
  ---------------------------------------------
  Levels of Logic:                            5
  Critical Path Length:                   2.949
  Critical Path Slack:                   -0.155
  Total Negative Slack:                  -0.249
  No. of Violating Paths:                     2
  ---------------------------------------------

  Timing Path Group 'SYS_CLK' (max_delay/setup)
  ---------------------------------------------
  Levels of Logic:                            5
  Critical Path Length:                   3.466
  Critical Path Slack:                    0.009
  Total Negative Slack:                   0.000
  No. of Violating Paths:                     0
  ---------------------------------------------

  Timing Path Group 'ate_clk' (max_delay/setup)
  ---------------------------------------------
  Levels of Logic:                            2
  Critical Path Length:                   3.007
  Critical Path Slack:                    7.893
  Total Negative Slack:                   0.000
  No. of Violating Paths:                     0
  ---------------------------------------------

  Timing Path Group 'v_PCI_CLK' (max_delay/setup)
  ---------------------------------------------
  Levels of Logic:                            3
  Critical Path Length:                   3.317
  Critical Path Slack:                    1.583
  Total Negative Slack:                   0.000
  No. of Violating Paths:                     0
  ---------------------------------------------

  Cell Count
  ---------------------------------------------
  Hierarchical Cell Count:                   63
  Hierarchical Port Count:                 3308
  Leaf Cell Count:                        46041
  ---------------------------------------------


  Area
  ---------------------------------------------
  Net Interconnect area:              67111.375
  Total cell area:                   383668.062
  Design Area:                       450779.438
  ---------------------------------------------


  Design Rule Violations
  ---------------------------------------------
  Total No. of Pins in Design:           185759
  clock_gating_setup Count:                   1
  sequential_clock_pulse_width Count:         1
  max_capacitance Count:                     30
  min_capacitance Count:                     16
  max_transition Count:                       1
  clock_gating_setup Cost:               -0.320
  sequential_clock_pulse_width Cost:     -0.126
  max_capacitance Cost:                -866.361
  min_capacitance Cost:                  -1.424
  max_transition Cost:                   -0.003
  Total DRC Cost:                      -868.234
  ---------------------------------------------

1
