****************************************
Report : analysis_coverage
Design : ORCA_TOP
Version: O-2018.06
Date   : Fri May 26 16:22:32 2023
****************************************

Type of Check         Total              Met         Violated         Untested
--------------------------------------------------------------------------------
setup                 16153      5822 ( 36%)         0 (  0%)     10331 ( 64%)
hold                  15993         0 (  0%)         0 (  0%)     15993 (100%)
recovery               4328      3985 ( 92%)         0 (  0%)       343 (  8%)
removal                4328         0 (  0%)         0 (  0%)      4328 (100%)
min_pulse_width       14620     10263 ( 70%)         1 (  0%)      4356 ( 30%)
clock_gating_setup       64         0 (  0%)         0 (  0%)        64 (100%)
clock_gating_hold        64         0 (  0%)         0 (  0%)        64 (100%)
out_setup               134       106 ( 79%)         4 (  3%)        24 ( 18%)
out_hold                134         0 (  0%)         0 (  0%)       134 (100%)
--------------------------------------------------------------------------------
All Checks            55818     20176 ( 36%)         5 (  0%)     35637 ( 64%)

1
