****************************************
Report : qor
Design : ORCA_TOP
Version: O-2018.06
Date   : Tue May 23 19:18:51 2023
****************************************

  Timing Path Group '**async_default**' (min_delay/hold)
  ---------------------------------------------
  Levels of Logic:                            5
  Critical Path Length:                3059.000
  Critical Path Slack:                -5637.041
  Total Negative Slack:            -3405672.000
  No. of Violating Paths:                  2241
  ---------------------------------------------

  Timing Path Group 'PCI_CLK' (min_delay/hold)
  ---------------------------------------------
  Levels of Logic:                            1
  Critical Path Length:                 679.528
  Critical Path Slack:                -2822.260
  Total Negative Slack:             -119571.266
  No. of Violating Paths:                   379
  ---------------------------------------------

  Timing Path Group 'SDRAM_CLK' (min_delay/hold)
  ---------------------------------------------
  Levels of Logic:                            1
  Critical Path Length:                  27.936
  Critical Path Slack:                -3914.549
  Total Negative Slack:            -1617386.250
  No. of Violating Paths:                  2714
  ---------------------------------------------

  Timing Path Group 'SD_DDR_CLK' (min_delay/hold)
  ---------------------------------------------
  Levels of Logic:                            5
  Critical Path Length:                 401.489
  Critical Path Slack:                  392.337
  Total Negative Slack:                   0.000
  No. of Violating Paths:                     0
  ---------------------------------------------

  Timing Path Group 'SYS_2x_CLK' (min_delay/hold)
  ---------------------------------------------
  Levels of Logic:                            1
  Critical Path Length:                  88.648
  Critical Path Slack:                 -741.403
  Total Negative Slack:              -14854.024
  No. of Violating Paths:                   173
  ---------------------------------------------

  Timing Path Group 'SYS_CLK' (min_delay/hold)
  ---------------------------------------------
  Levels of Logic:                            1
  Critical Path Length:                 116.236
  Critical Path Slack:                -8579.374
  Total Negative Slack:             -984393.000
  No. of Violating Paths:                  1877
  ---------------------------------------------

  Timing Path Group 'v_PCI_CLK' (min_delay/hold)
  ---------------------------------------------
  Levels of Logic:                            2
  Critical Path Length:                 755.632
  Critical Path Slack:                  755.282
  Total Negative Slack:                   0.000
  No. of Violating Paths:                     0
  ---------------------------------------------

  Cell Count
  ---------------------------------------------
  Hierarchical Cell Count:                   63
  Hierarchical Port Count:                 3295
  Leaf Cell Count:                        48424
  ---------------------------------------------


  Area
  ---------------------------------------------
  Net Interconnect area:              68088.555
  Total cell area:                   390720.500
  Design Area:                       458809.062
  ---------------------------------------------


  Design Rule Violations
  ---------------------------------------------
  Total No. of Pins in Design:           191958
  sequential_clock_pulse_width Count:      5187
  max_capacitance Count:                      2
  min_capacitance Count:                     16
  sequential_clock_pulse_width Cost:-105255.484
  max_capacitance Cost:                -156.447
  min_capacitance Cost:                  -1.424
  Total DRC Cost:                   -105413.352
  ---------------------------------------------

1
