****************************************
Report : analysis_coverage
Design : ORCA_TOP
Version: O-2018.06
Date   : Sat May 20 16:59:39 2023
****************************************

Type of Check         Total              Met         Violated         Untested
--------------------------------------------------------------------------------
setup                 16153       765 (  5%)      5069 ( 31%)     10319 ( 64%)
hold                  15993         0 (  0%)         0 (  0%)     15993 (100%)
recovery               4328         0 (  0%)         0 (  0%)      4328 (100%)
removal                4328         0 (  0%)         0 (  0%)      4328 (100%)
min_pulse_width       14620      7900 ( 54%)      2392 ( 16%)      4328 ( 30%)
clock_gating_setup       64         6 (  9%)         2 (  3%)        56 ( 88%)
clock_gating_hold        64         0 (  0%)         0 (  0%)        64 (100%)
out_setup               134         0 (  0%)        32 ( 24%)       102 ( 76%)
out_hold                134         0 (  0%)         0 (  0%)       134 (100%)
--------------------------------------------------------------------------------
All Checks            55818      8671 ( 16%)      7495 ( 13%)     39652 ( 71%)

1
