****************************************
Report : analysis_coverage
Design : ORCA_TOP
Version: O-2018.06
Date   : Fri May 26 22:59:42 2023
****************************************

Type of Check         Total              Met         Violated         Untested
--------------------------------------------------------------------------------
setup                 16153      5742 ( 36%)        69 (  0%)     10342 ( 64%)
hold                  15993         0 (  0%)         0 (  0%)     15993 (100%)
recovery               4328         0 (  0%)         0 (  0%)      4328 (100%)
removal                4328         0 (  0%)         0 (  0%)      4328 (100%)
min_pulse_width       14620     10292 ( 70%)         0 (  0%)      4328 ( 30%)
clock_gating_setup       60        18 ( 30%)         0 (  0%)        42 ( 70%)
clock_gating_hold        60         0 (  0%)         0 (  0%)        60 (100%)
out_setup               134        32 ( 24%)        78 ( 58%)        24 ( 18%)
out_hold                134         0 (  0%)         0 (  0%)       134 (100%)
--------------------------------------------------------------------------------
All Checks            55810     16084 ( 29%)       147 (  0%)     39579 ( 71%)

1
