****************************************
Report : constraint
	-all_violators
	-path slack_only
Design : ORCA_TOP
Version: O-2018.06
Date   : Sun May 21 00:13:23 2023
****************************************


   max_delay/setup ('clock_gating_default' group)

   Endpoint                                                  Slack
   -----------------------------------------------------------------
   I_RISC_CORE/I_STACK_TOP_I2_STACK_MEM_clk_gate_Stack_Mem_reg_6_/latch/EN
                                                            -3.261  (VIOLATED)
   I_RISC_CORE/I_STACK_TOP_I2_STACK_MEM_clk_gate_Stack_Mem_reg_5_/latch/EN
                                                            -3.261  (VIOLATED)
   I_RISC_CORE/I_STACK_TOP_I2_STACK_MEM_clk_gate_Stack_Mem_reg_7_/latch/EN
                                                            -3.058  (VIOLATED)
   I_RISC_CORE/I_STACK_TOP_I2_STACK_MEM_clk_gate_Stack_Mem_reg_4_/latch/EN
                                                            -3.021  (VIOLATED)
   I_RISC_CORE/I_STACK_TOP_I2_STACK_MEM_clk_gate_Stack_Mem_reg_1_/latch/EN
                                                            -3.016  (VIOLATED)
   I_RISC_CORE/I_STACK_TOP_I2_STACK_MEM_clk_gate_Stack_Mem_reg_2_/latch/EN
                                                            -3.016  (VIOLATED)
   I_RISC_CORE/I_STACK_TOP_I2_STACK_MEM_clk_gate_Stack_Mem_reg_3_/latch/EN
                                                            -2.783  (VIOLATED)
   I_RISC_CORE/I_STACK_TOP_I2_STACK_MEM_clk_gate_Stack_Mem_reg_0_/latch/EN
                                                            -2.706  (VIOLATED)
   I_RISC_CORE/I_STACK_TOP_I_STACK_FSM_clk_gate_TOS_int_reg/latch/EN
                                                            -2.594  (VIOLATED)
   I_RISC_CORE/I_DATA_PATH_clk_gate_PSWL_Carry_reg/latch/EN
                                                            -1.435  (VIOLATED)
   I_RISC_CORE/I_INSTRN_LAT_clk_gate_Crnt_Instrn_2_reg/latch/EN
                                                            -1.414  (VIOLATED)
   I_RISC_CORE/I_DATA_PATH_clk_gate_Oprnd_B_reg/latch/EN    -1.386  (VIOLATED)
   I_RISC_CORE/I_DATA_PATH_clk_gate_Oprnd_A_reg/latch/EN    -1.368  (VIOLATED)
   I_RISC_CORE/I_STACK_TOP_I2_STACK_MEM_clk_gate_PopDataOut_reg/latch/EN
                                                            -1.087  (VIOLATED)
   I_RISC_CORE/I_ALU_clk_gate_Lachd_Result_reg/latch/EN     -0.774  (VIOLATED)
   I_RISC_CORE/I_PRGRM_CNT_TOP_I_PRGRM_CNT_clk_gate_PCint_reg/latch/EN
                                                            -0.575  (VIOLATED)

   max_delay/setup ('SYS_2x_CLK' group)

   Endpoint                                                  Slack
   -----------------------------------------------------------------
   I_RISC_CORE/I_ALU_Lachd_Result_reg_7_/D                  -5.987  (VIOLATED)
   I_RISC_CORE/I_ALU_Lachd_Result_reg_2_/D                  -5.490  (VIOLATED)
   I_RISC_CORE/I_ALU_Lachd_Result_reg_6_/D                  -5.354  (VIOLATED)
   I_RISC_CORE/I_ALU_Lachd_Result_reg_8_/D                  -5.345  (VIOLATED)
   I_RISC_CORE/I_STACK_TOP_I_STACK_FSM_Crnt_Stack_reg_0_/D
                                                            -5.247  (VIOLATED)
   I_RISC_CORE/I_ALU_Lachd_Result_reg_4_/D                  -5.230  (VIOLATED)
   I_RISC_CORE/I_ALU_Lachd_Result_reg_12_/D                 -5.079  (VIOLATED)
   I_RISC_CORE/R_34/D                                       -4.977  (VIOLATED)
   I_RISC_CORE/I_ALU_Lachd_Result_reg_9_/D                  -4.938  (VIOLATED)
   I_RISC_CORE/I_ALU_Lachd_Result_reg_15_/D                 -4.909  (VIOLATED)
   I_RISC_CORE/I_STACK_TOP_I_STACK_FSM_TOS_int_reg_2_/D     -4.896  (VIOLATED)
   I_RISC_CORE/R_30/D                                       -4.882  (VIOLATED)
   I_RISC_CORE/I_ALU_Lachd_Result_reg_10_/D                 -4.880  (VIOLATED)
   I_RISC_CORE/R_31/D                                       -4.858  (VIOLATED)
   I_RISC_CORE/I_ALU_Lachd_Result_reg_11_/D                 -4.857  (VIOLATED)
   I_RISC_CORE/I_ALU_Lachd_Result_reg_3_/D                  -4.856  (VIOLATED)
   I_RISC_CORE/I_ALU_Lachd_Result_reg_5_/D                  -4.765  (VIOLATED)
   I_RISC_CORE/I_ALU_Lachd_Result_reg_13_/D                 -4.744  (VIOLATED)
   I_RISC_CORE/I_ALU_Lachd_Result_reg_1_/D                  -4.728  (VIOLATED)
   I_RISC_CORE/I_STACK_TOP_I_STACK_FSM_TOS_int_reg_1_/D     -4.666  (VIOLATED)
   I_RISC_CORE/I_PRGRM_CNT_TOP_I_PRGRM_CNT_PCint_reg_7_/D   -4.421  (VIOLATED)
   I_RISC_CORE/I_STACK_TOP_I_STACK_FSM_Crnt_Stack_reg_1_/D
                                                            -4.349  (VIOLATED)
   I_RISC_CORE/I_ALU_Lachd_Result_reg_0_/D                  -4.283  (VIOLATED)
   I_RISC_CORE/I_STACK_TOP_I_STACK_FSM_TOS_int_reg_0_/D     -4.260  (VIOLATED)
   I_RISC_CORE/I_STACK_TOP_I2_STACK_MEM_PopDataOut_reg_0_/D
                                                            -4.202  (VIOLATED)
   I_RISC_CORE/I_STACK_TOP_I2_STACK_MEM_PopDataOut_reg_3_/D
                                                            -4.202  (VIOLATED)
   I_RISC_CORE/I_PRGRM_CNT_TOP_I_PRGRM_CNT_PCint_reg_2_/D   -3.973  (VIOLATED)
   I_RISC_CORE/I_STACK_TOP_I1_STACK_MEM_PopDataOut_reg_2_/D
                                                            -3.947  (VIOLATED)
   I_RISC_CORE/I_STACK_TOP_I1_STACK_MEM_PopDataOut_reg_1_/D
                                                            -3.943  (VIOLATED)
   I_RISC_CORE/I_STACK_TOP_I1_STACK_MEM_PopDataOut_reg_0_/D
                                                            -3.943  (VIOLATED)
   I_RISC_CORE/I_STACK_TOP_I1_STACK_MEM_PopDataOut_reg_3_/D
                                                            -3.943  (VIOLATED)
   I_RISC_CORE/I_STACK_TOP_I2_STACK_MEM_PopDataOut_reg_1_/D
                                                            -3.943  (VIOLATED)
   I_RISC_CORE/I_STACK_TOP_I2_STACK_MEM_PopDataOut_reg_2_/D
                                                            -3.943  (VIOLATED)
   I_RISC_CORE/I_PRGRM_CNT_TOP_I_PRGRM_CNT_PCint_reg_6_/D   -3.942  (VIOLATED)
   I_RISC_CORE/I_PRGRM_CNT_TOP_I_PRGRM_CNT_PCint_reg_1_/D   -3.942  (VIOLATED)
   I_RISC_CORE/I_PRGRM_CNT_TOP_I_PRGRM_CNT_PCint_reg_4_/D   -3.938  (VIOLATED)
   I_RISC_CORE/I_PRGRM_CNT_TOP_I_PRGRM_CNT_PCint_reg_5_/D   -3.752  (VIOLATED)
   I_RISC_CORE/I_PRGRM_CNT_TOP_I_PRGRM_CNT_PCint_reg_0_/D   -3.716  (VIOLATED)
   I_RISC_CORE/I_DATA_PATH_Oprnd_B_reg_5_/D                 -3.666  (VIOLATED)
   I_RISC_CORE/I_STACK_TOP_I3_STACK_MEM_PopDataOut_reg_2_/D
                                                            -3.640  (VIOLATED)
   I_RISC_CORE/I_DATA_PATH_Oprnd_B_reg_9_/D                 -3.405  (VIOLATED)
   I_RISC_CORE/I_DATA_PATH_Oprnd_B_reg_12_/D                -3.405  (VIOLATED)
   I_RISC_CORE/I_PRGRM_CNT_TOP_I_PRGRM_CNT_PCint_reg_3_/D   -3.289  (VIOLATED)
   I_RISC_CORE/I_DATA_PATH_Oprnd_B_reg_11_/D                -3.261  (VIOLATED)
   I_RISC_CORE/I_DATA_PATH_Oprnd_B_reg_14_/D                -3.261  (VIOLATED)
   I_RISC_CORE/I_DATA_PATH_Oprnd_B_reg_15_/D                -3.261  (VIOLATED)
   I_RISC_CORE/I_DATA_PATH_Oprnd_B_reg_8_/D                 -2.812  (VIOLATED)
   I_RISC_CORE/I_DATA_PATH_Oprnd_B_reg_4_/D                 -2.786  (VIOLATED)
   I_RISC_CORE/I_DATA_PATH_Oprnd_B_reg_6_/D                 -2.709  (VIOLATED)
   I_RISC_CORE/I_DATA_PATH_Oprnd_B_reg_13_/D                -2.697  (VIOLATED)
   I_RISC_CORE/I_DATA_PATH_Oprnd_B_reg_0_/D                 -2.590  (VIOLATED)
   I_RISC_CORE/I_DATA_PATH_Oprnd_B_reg_2_/D                 -2.590  (VIOLATED)
   I_RISC_CORE/I_DATA_PATH_Oprnd_B_reg_1_/D                 -2.590  (VIOLATED)
   I_RISC_CORE/I_DATA_PATH_Oprnd_B_reg_3_/D                 -2.544  (VIOLATED)
   I_RISC_CORE/I_DATA_PATH_Oprnd_B_reg_7_/D                 -2.375  (VIOLATED)
   I_RISC_CORE/I_DATA_PATH_Oprnd_B_reg_10_/D                -2.339  (VIOLATED)
   I_RISC_CORE/I_DATA_PATH_Oprnd_A_reg_7_/D                 -2.098  (VIOLATED)
   I_RISC_CORE/I_DATA_PATH_Oprnd_A_reg_11_/D                -2.098  (VIOLATED)
   I_RISC_CORE/I_DATA_PATH_Oprnd_A_reg_13_/D                -2.098  (VIOLATED)
   I_RISC_CORE/I_DATA_PATH_Oprnd_A_reg_14_/D                -2.098  (VIOLATED)
   I_RISC_CORE/I_DATA_PATH_Oprnd_A_reg_12_/D                -2.098  (VIOLATED)
   I_RISC_CORE/I_DATA_PATH_Oprnd_A_reg_5_/D                 -2.098  (VIOLATED)
   I_RISC_CORE/I_DATA_PATH_Oprnd_A_reg_6_/D                 -2.098  (VIOLATED)
   I_RISC_CORE/I_DATA_PATH_Oprnd_A_reg_10_/D                -2.098  (VIOLATED)
   I_RISC_CORE/I_DATA_PATH_Oprnd_A_reg_8_/D                 -2.055  (VIOLATED)
   I_RISC_CORE/I_CONTROL_UseData_Imm_Or_ALU_reg/D           -2.035  (VIOLATED)
   I_RISC_CORE/I_CONTROL_UseData_Imm_Or_RegB_reg/D          -2.035  (VIOLATED)
   I_RISC_CORE/I_STACK_TOP_I_STACK_FSM_STACK_FULL_reg/D     -1.908  (VIOLATED)
   I_RISC_CORE/I_DATA_PATH_Oprnd_A_reg_4_/D                 -1.421  (VIOLATED)
   I_RISC_CORE/I_DATA_PATH_Oprnd_A_reg_9_/D                 -1.421  (VIOLATED)
   I_RISC_CORE/I_DATA_PATH_Oprnd_A_reg_3_/D                 -1.406  (VIOLATED)
   I_RISC_CORE/I_PRGRM_CNT_TOP_I_PRGRM_FSM_Current_State_reg_1_/D
                                                            -1.322  (VIOLATED)
   I_RISC_CORE/I_CONTROL_EndOfInstrn_reg/D                  -1.260  (VIOLATED)
   I_RISC_CORE/I_DATA_PATH_Oprnd_A_reg_15_/D                -1.101  (VIOLATED)
   I_RISC_CORE/I_PRGRM_CNT_TOP_I_PRGRM_FSM_Current_State_reg_2_/D
                                                            -0.953  (VIOLATED)
   I_RISC_CORE/I_DATA_PATH_Oprnd_A_reg_0_/D                 -0.914  (VIOLATED)
   I_RISC_CORE/I_STACK_TOP_I2_STACK_MEM_Stack_Mem_reg_0__1_/D
                                                            -0.870  (VIOLATED)
   I_RISC_CORE/I_STACK_TOP_I2_STACK_MEM_Stack_Mem_reg_1__1_/D
                                                            -0.870  (VIOLATED)
   I_RISC_CORE/I_STACK_TOP_I2_STACK_MEM_Stack_Mem_reg_2__1_/D
                                                            -0.870  (VIOLATED)
   I_RISC_CORE/I_STACK_TOP_I2_STACK_MEM_Stack_Mem_reg_3__1_/D
                                                            -0.870  (VIOLATED)
   I_RISC_CORE/I_STACK_TOP_I2_STACK_MEM_Stack_Mem_reg_5__1_/D
                                                            -0.870  (VIOLATED)
   I_RISC_CORE/I_STACK_TOP_I1_STACK_MEM_Stack_Mem_reg_0__2_/D
                                                            -0.844  (VIOLATED)
   I_RISC_CORE/I_STACK_TOP_I1_STACK_MEM_Stack_Mem_reg_1__2_/D
                                                            -0.844  (VIOLATED)
   I_RISC_CORE/I_STACK_TOP_I1_STACK_MEM_Stack_Mem_reg_2__2_/D
                                                            -0.844  (VIOLATED)
   I_RISC_CORE/I_STACK_TOP_I1_STACK_MEM_Stack_Mem_reg_3__2_/D
                                                            -0.844  (VIOLATED)
   I_RISC_CORE/I_STACK_TOP_I1_STACK_MEM_Stack_Mem_reg_4__2_/D
                                                            -0.844  (VIOLATED)
   I_RISC_CORE/I_STACK_TOP_I1_STACK_MEM_Stack_Mem_reg_5__2_/D
                                                            -0.844  (VIOLATED)
   I_RISC_CORE/I_STACK_TOP_I1_STACK_MEM_Stack_Mem_reg_6__2_/D
                                                            -0.844  (VIOLATED)
   I_RISC_CORE/I_STACK_TOP_I1_STACK_MEM_Stack_Mem_reg_7__2_/D
                                                            -0.844  (VIOLATED)
   I_RISC_CORE/I_STACK_TOP_I2_STACK_MEM_Stack_Mem_reg_0__0_/D
                                                            -0.842  (VIOLATED)
   I_RISC_CORE/I_STACK_TOP_I2_STACK_MEM_Stack_Mem_reg_3__0_/D
                                                            -0.842  (VIOLATED)
   I_RISC_CORE/I_STACK_TOP_I2_STACK_MEM_Stack_Mem_reg_4__0_/D
                                                            -0.842  (VIOLATED)
   I_RISC_CORE/I_STACK_TOP_I2_STACK_MEM_Stack_Mem_reg_6__0_/D
                                                            -0.842  (VIOLATED)
   I_RISC_CORE/I_STACK_TOP_I2_STACK_MEM_Stack_Mem_reg_7__0_/D
                                                            -0.842  (VIOLATED)
   I_RISC_CORE/I_DATA_PATH_Oprnd_A_reg_1_/D                 -0.835  (VIOLATED)
   I_RISC_CORE/I_DATA_PATH_Oprnd_A_reg_2_/D                 -0.835  (VIOLATED)
   I_RISC_CORE/I_INSTRN_LAT_Crnt_Instrn_2_reg_22_/D         -0.815  (VIOLATED)
   I_RISC_CORE/I_INSTRN_LAT_Crnt_Instrn_2_reg_10_/D         -0.706  (VIOLATED)
   I_RISC_CORE/I_PRGRM_CNT_TOP_I_PRGRM_FSM_Current_State_reg_0_/D
                                                            -0.701  (VIOLATED)
   I_RISC_CORE/I_INSTRN_LAT_Crnt_Instrn_2_reg_9_/D          -0.696  (VIOLATED)
   I_RISC_CORE/I_INSTRN_LAT_Crnt_Instrn_2_reg_8_/D          -0.686  (VIOLATED)
   I_RISC_CORE/I_INSTRN_LAT_Crnt_Instrn_2_reg_20_/D         -0.682  (VIOLATED)
   I_RISC_CORE/I_INSTRN_LAT_Crnt_Instrn_2_reg_15_/D         -0.681  (VIOLATED)
   I_RISC_CORE/I_STACK_TOP_I1_STACK_MEM_Stack_Mem_reg_1__0_/D
                                                            -0.680  (VIOLATED)
   I_RISC_CORE/I_STACK_TOP_I1_STACK_MEM_Stack_Mem_reg_4__0_/D
                                                            -0.680  (VIOLATED)
   I_RISC_CORE/I_STACK_TOP_I1_STACK_MEM_Stack_Mem_reg_5__0_/D
                                                            -0.680  (VIOLATED)
   I_RISC_CORE/I_INSTRN_LAT_Crnt_Instrn_2_reg_11_/D         -0.672  (VIOLATED)
   I_RISC_CORE/I_INSTRN_LAT_Crnt_Instrn_2_reg_25_/D         -0.662  (VIOLATED)
   I_RISC_CORE/I_INSTRN_LAT_Crnt_Instrn_2_reg_19_/D         -0.662  (VIOLATED)
   I_RISC_CORE/I_INSTRN_LAT_Crnt_Instrn_2_reg_12_/D         -0.657  (VIOLATED)
   I_RISC_CORE/I_INSTRN_LAT_Crnt_Instrn_2_reg_18_/D         -0.648  (VIOLATED)
   I_RISC_CORE/I_STACK_TOP_I3_STACK_MEM_Stack_Mem_reg_0__2_/D
                                                            -0.631  (VIOLATED)
   I_RISC_CORE/I_STACK_TOP_I3_STACK_MEM_Stack_Mem_reg_1__2_/D
                                                            -0.631  (VIOLATED)
   I_RISC_CORE/I_STACK_TOP_I3_STACK_MEM_Stack_Mem_reg_2__2_/D
                                                            -0.631  (VIOLATED)
   I_RISC_CORE/I_STACK_TOP_I3_STACK_MEM_Stack_Mem_reg_3__2_/D
                                                            -0.631  (VIOLATED)
   I_RISC_CORE/I_STACK_TOP_I3_STACK_MEM_Stack_Mem_reg_4__2_/D
                                                            -0.631  (VIOLATED)
   I_RISC_CORE/I_STACK_TOP_I3_STACK_MEM_Stack_Mem_reg_5__2_/D
                                                            -0.631  (VIOLATED)
   I_RISC_CORE/I_STACK_TOP_I3_STACK_MEM_Stack_Mem_reg_6__2_/D
                                                            -0.631  (VIOLATED)
   I_RISC_CORE/I_STACK_TOP_I3_STACK_MEM_Stack_Mem_reg_7__2_/D
                                                            -0.631  (VIOLATED)
   I_RISC_CORE/I_INSTRN_LAT_Crnt_Instrn_2_reg_13_/D         -0.627  (VIOLATED)
   I_RISC_CORE/I_STACK_TOP_I1_STACK_MEM_Stack_Mem_reg_0__1_/D
                                                            -0.621  (VIOLATED)
   I_RISC_CORE/I_STACK_TOP_I1_STACK_MEM_Stack_Mem_reg_1__1_/D
                                                            -0.621  (VIOLATED)
   I_RISC_CORE/I_STACK_TOP_I1_STACK_MEM_Stack_Mem_reg_2__1_/D
                                                            -0.621  (VIOLATED)
   I_RISC_CORE/I_STACK_TOP_I1_STACK_MEM_Stack_Mem_reg_3__1_/D
                                                            -0.621  (VIOLATED)
   I_RISC_CORE/I_STACK_TOP_I1_STACK_MEM_Stack_Mem_reg_4__1_/D
                                                            -0.621  (VIOLATED)
   I_RISC_CORE/I_STACK_TOP_I1_STACK_MEM_Stack_Mem_reg_5__1_/D
                                                            -0.621  (VIOLATED)
   I_RISC_CORE/I_STACK_TOP_I1_STACK_MEM_Stack_Mem_reg_6__1_/D
                                                            -0.621  (VIOLATED)
   I_RISC_CORE/I_STACK_TOP_I1_STACK_MEM_Stack_Mem_reg_7__1_/D
                                                            -0.621  (VIOLATED)
   I_RISC_CORE/I_INSTRN_LAT_Crnt_Instrn_2_reg_16_/D         -0.601  (VIOLATED)
   I_RISC_CORE/I_STACK_TOP_I1_STACK_MEM_Stack_Mem_reg_0__3_/D
                                                            -0.600  (VIOLATED)
   I_RISC_CORE/I_STACK_TOP_I1_STACK_MEM_Stack_Mem_reg_1__3_/D
                                                            -0.600  (VIOLATED)
   I_RISC_CORE/I_STACK_TOP_I1_STACK_MEM_Stack_Mem_reg_2__3_/D
                                                            -0.600  (VIOLATED)
   I_RISC_CORE/I_STACK_TOP_I1_STACK_MEM_Stack_Mem_reg_3__3_/D
                                                            -0.600  (VIOLATED)
   I_RISC_CORE/I_STACK_TOP_I1_STACK_MEM_Stack_Mem_reg_4__3_/D
                                                            -0.600  (VIOLATED)
   I_RISC_CORE/I_STACK_TOP_I1_STACK_MEM_Stack_Mem_reg_5__3_/D
                                                            -0.600  (VIOLATED)
   I_RISC_CORE/I_STACK_TOP_I1_STACK_MEM_Stack_Mem_reg_6__3_/D
                                                            -0.600  (VIOLATED)
   I_RISC_CORE/I_STACK_TOP_I1_STACK_MEM_Stack_Mem_reg_7__3_/D
                                                            -0.600  (VIOLATED)
   I_RISC_CORE/I_INSTRN_LAT_Crnt_Instrn_2_reg_17_/D         -0.575  (VIOLATED)
   I_RISC_CORE/I_STACK_TOP_I2_STACK_MEM_Stack_Mem_reg_0__3_/D
                                                            -0.567  (VIOLATED)
   I_RISC_CORE/I_STACK_TOP_I2_STACK_MEM_Stack_Mem_reg_2__3_/D
                                                            -0.567  (VIOLATED)
   I_RISC_CORE/I_STACK_TOP_I2_STACK_MEM_Stack_Mem_reg_3__3_/D
                                                            -0.567  (VIOLATED)
   I_RISC_CORE/I_STACK_TOP_I2_STACK_MEM_Stack_Mem_reg_4__3_/D
                                                            -0.567  (VIOLATED)
   I_RISC_CORE/I_STACK_TOP_I2_STACK_MEM_Stack_Mem_reg_5__3_/D
                                                            -0.567  (VIOLATED)
   I_RISC_CORE/I_STACK_TOP_I2_STACK_MEM_Stack_Mem_reg_6__3_/D
                                                            -0.567  (VIOLATED)
   I_RISC_CORE/I_STACK_TOP_I2_STACK_MEM_Stack_Mem_reg_7__3_/D
                                                            -0.567  (VIOLATED)
   I_RISC_CORE/I_STACK_TOP_I2_STACK_MEM_Stack_Mem_reg_4__1_/D
                                                            -0.523  (VIOLATED)
   I_RISC_CORE/I_STACK_TOP_I2_STACK_MEM_Stack_Mem_reg_6__1_/D
                                                            -0.523  (VIOLATED)
   I_RISC_CORE/I_STACK_TOP_I2_STACK_MEM_Stack_Mem_reg_7__1_/D
                                                            -0.523  (VIOLATED)
   I_RISC_CORE/I_INSTRN_LAT_Crnt_Instrn_2_reg_21_/D         -0.517  (VIOLATED)
   I_RISC_CORE/I_STACK_TOP_I1_STACK_MEM_Stack_Mem_reg_0__0_/D
                                                            -0.511  (VIOLATED)
   I_RISC_CORE/I_STACK_TOP_I1_STACK_MEM_Stack_Mem_reg_2__0_/D
                                                            -0.511  (VIOLATED)
   I_RISC_CORE/I_STACK_TOP_I1_STACK_MEM_Stack_Mem_reg_3__0_/D
                                                            -0.511  (VIOLATED)
   I_RISC_CORE/I_STACK_TOP_I1_STACK_MEM_Stack_Mem_reg_6__0_/D
                                                            -0.511  (VIOLATED)
   I_RISC_CORE/I_STACK_TOP_I1_STACK_MEM_Stack_Mem_reg_7__0_/D
                                                            -0.511  (VIOLATED)
   I_RISC_CORE/I_INSTRN_LAT_Crnt_Instrn_2_reg_2_/D          -0.511  (VIOLATED)
   I_RISC_CORE/I_STACK_TOP_I2_STACK_MEM_Stack_Mem_reg_1__0_/D
                                                            -0.455  (VIOLATED)
   I_RISC_CORE/I_STACK_TOP_I2_STACK_MEM_Stack_Mem_reg_2__0_/D
                                                            -0.455  (VIOLATED)
   I_RISC_CORE/I_STACK_TOP_I2_STACK_MEM_Stack_Mem_reg_5__0_/D
                                                            -0.455  (VIOLATED)
   I_RISC_CORE/I_INSTRN_LAT_Crnt_Instrn_2_reg_7_/D          -0.445  (VIOLATED)
   I_RISC_CORE/I_REG_FILE_REG_FILE_A_RAM/I1[2]              -0.406  (VIOLATED)
   I_RISC_CORE/I_REG_FILE_REG_FILE_B_RAM/I1[2]              -0.406  (VIOLATED)
   I_RISC_CORE/I_REG_FILE_REG_FILE_C_RAM/I1[2]              -0.406  (VIOLATED)
   I_RISC_CORE/I_REG_FILE_REG_FILE_A_RAM/A2[5]              -0.342  (VIOLATED)
   I_RISC_CORE/I_REG_FILE_REG_FILE_C_RAM/A2[5]              -0.342  (VIOLATED)
   I_RISC_CORE/I_REG_FILE_REG_FILE_D_RAM/I1[3]              -0.341  (VIOLATED)
   I_RISC_CORE/I_REG_FILE_REG_FILE_A_RAM/I1[3]              -0.318  (VIOLATED)
   I_RISC_CORE/I_REG_FILE_REG_FILE_B_RAM/I1[3]              -0.318  (VIOLATED)
   I_RISC_CORE/I_REG_FILE_REG_FILE_C_RAM/I1[3]              -0.318  (VIOLATED)
   I_RISC_CORE/I_REG_FILE_REG_FILE_A_RAM/I1[14]             -0.287  (VIOLATED)
   I_RISC_CORE/I_REG_FILE_REG_FILE_B_RAM/I1[14]             -0.287  (VIOLATED)
   I_RISC_CORE/I_REG_FILE_REG_FILE_C_RAM/I1[14]             -0.287  (VIOLATED)
   I_RISC_CORE/I_REG_FILE_REG_FILE_D_RAM/I1[14]             -0.287  (VIOLATED)
   I_RISC_CORE/I_DATA_PATH_PSWL_Zro_reg/D                   -0.283  (VIOLATED)
   I_RISC_CORE/I_REG_FILE_REG_FILE_A_RAM/A2[3]              -0.263  (VIOLATED)
   I_RISC_CORE/I_REG_FILE_REG_FILE_C_RAM/A2[3]              -0.263  (VIOLATED)
   I_RISC_CORE/I_REG_FILE_REG_FILE_A_RAM/I1[5]              -0.194  (VIOLATED)
   I_RISC_CORE/I_REG_FILE_REG_FILE_B_RAM/I1[5]              -0.194  (VIOLATED)
   I_RISC_CORE/I_REG_FILE_REG_FILE_C_RAM/I1[5]              -0.194  (VIOLATED)
   I_RISC_CORE/I_INSTRN_LAT_Crnt_Instrn_2_reg_1_/D          -0.179  (VIOLATED)
   I_RISC_CORE/I_REG_FILE_REG_FILE_A_RAM/I1[6]              -0.177  (VIOLATED)
   I_RISC_CORE/I_REG_FILE_REG_FILE_B_RAM/I1[6]              -0.177  (VIOLATED)
   I_RISC_CORE/I_REG_FILE_REG_FILE_C_RAM/I1[6]              -0.177  (VIOLATED)
   I_RISC_CORE/I_STACK_TOP_I2_STACK_MEM_Stack_Mem_reg_1__3_/D
                                                            -0.168  (VIOLATED)
   I_RISC_CORE/I_STACK_TOP_I2_STACK_MEM_Stack_Mem_reg_0__2_/D
                                                            -0.122  (VIOLATED)
   I_RISC_CORE/I_STACK_TOP_I2_STACK_MEM_Stack_Mem_reg_1__2_/D
                                                            -0.122  (VIOLATED)
   I_RISC_CORE/I_STACK_TOP_I2_STACK_MEM_Stack_Mem_reg_2__2_/D
                                                            -0.122  (VIOLATED)
   I_RISC_CORE/I_STACK_TOP_I2_STACK_MEM_Stack_Mem_reg_3__2_/D
                                                            -0.122  (VIOLATED)
   I_RISC_CORE/I_STACK_TOP_I2_STACK_MEM_Stack_Mem_reg_4__2_/D
                                                            -0.122  (VIOLATED)
   I_RISC_CORE/I_STACK_TOP_I2_STACK_MEM_Stack_Mem_reg_5__2_/D
                                                            -0.122  (VIOLATED)
   I_RISC_CORE/I_STACK_TOP_I2_STACK_MEM_Stack_Mem_reg_6__2_/D
                                                            -0.122  (VIOLATED)
   I_RISC_CORE/I_STACK_TOP_I2_STACK_MEM_Stack_Mem_reg_7__2_/D
                                                            -0.122  (VIOLATED)
   I_RISC_CORE/I_REG_FILE_REG_FILE_D_RAM/I1[5]              -0.119  (VIOLATED)
   I_RISC_CORE/I_REG_FILE_REG_FILE_A_RAM/I1[4]              -0.110  (VIOLATED)
   I_RISC_CORE/I_REG_FILE_REG_FILE_B_RAM/I1[4]              -0.110  (VIOLATED)
   I_RISC_CORE/I_REG_FILE_REG_FILE_C_RAM/I1[4]              -0.110  (VIOLATED)
   I_RISC_CORE/I_REG_FILE_REG_FILE_D_RAM/I1[4]              -0.110  (VIOLATED)
   I_RISC_CORE/I_REG_FILE_REG_FILE_A_RAM/A2[4]              -0.110  (VIOLATED)
   I_RISC_CORE/I_REG_FILE_REG_FILE_C_RAM/A2[4]              -0.110  (VIOLATED)
   I_RISC_CORE/I_INSTRN_LAT_Crnt_Instrn_2_reg_3_/D          -0.101  (VIOLATED)
   I_RISC_CORE/I_REG_FILE_REG_FILE_A_RAM/I1[7]              -0.083  (VIOLATED)
   I_RISC_CORE/I_REG_FILE_REG_FILE_B_RAM/I1[7]              -0.083  (VIOLATED)
   I_RISC_CORE/I_REG_FILE_REG_FILE_C_RAM/I1[7]              -0.083  (VIOLATED)
   I_RISC_CORE/I_REG_FILE_REG_FILE_D_RAM/I1[7]              -0.083  (VIOLATED)
   I_RISC_CORE/I_REG_FILE_REG_FILE_A_RAM/I1[11]             -0.081  (VIOLATED)
   I_RISC_CORE/I_REG_FILE_REG_FILE_B_RAM/I1[11]             -0.081  (VIOLATED)
   I_RISC_CORE/I_REG_FILE_REG_FILE_C_RAM/I1[11]             -0.081  (VIOLATED)
   I_RISC_CORE/I_REG_FILE_REG_FILE_D_RAM/I1[11]             -0.081  (VIOLATED)
   I_RISC_CORE/I_INSTRN_LAT_Crnt_Instrn_2_reg_6_/D          -0.055  (VIOLATED)
   I_RISC_CORE/I_INSTRN_LAT_Crnt_Instrn_2_reg_4_/D          -0.049  (VIOLATED)
   I_RISC_CORE/I_INSTRN_LAT_Crnt_Instrn_2_reg_5_/D          -0.049  (VIOLATED)
   I_RISC_CORE/I_INSTRN_LAT_Crnt_Instrn_2_reg_28_/D         -0.049  (VIOLATED)
   I_RISC_CORE/I_REG_FILE_REG_FILE_A_RAM/A2[6]              -0.044  (VIOLATED)
   I_RISC_CORE/I_REG_FILE_REG_FILE_C_RAM/A2[6]              -0.044  (VIOLATED)
   I_RISC_CORE/I_REG_FILE_REG_FILE_D_RAM/I1[2]              -0.039  (VIOLATED)
   I_RISC_CORE/I_REG_FILE_REG_FILE_B_RAM/I1[9]              -0.038  (VIOLATED)
   I_RISC_CORE/I_REG_FILE_REG_FILE_C_RAM/I1[9]              -0.038  (VIOLATED)
   I_RISC_CORE/I_REG_FILE_REG_FILE_D_RAM/I1[9]              -0.038  (VIOLATED)
   I_RISC_CORE/I_REG_FILE_REG_FILE_A_RAM/I1[1]              -0.028  (VIOLATED)
   I_RISC_CORE/I_REG_FILE_REG_FILE_B_RAM/I1[1]              -0.028  (VIOLATED)
   I_RISC_CORE/I_REG_FILE_REG_FILE_C_RAM/I1[1]              -0.028  (VIOLATED)
   I_RISC_CORE/I_REG_FILE_REG_FILE_A_RAM/I1[9]              -0.003  (VIOLATED)

   max_delay/setup ('SYS_CLK' group)

   Endpoint                                                  Slack
   -----------------------------------------------------------------
   I_BLENDER_0/R_525/D                                      -1.253  (VIOLATED)
   I_BLENDER_0/R_745/D                                      -1.219  (VIOLATED)
   I_BLENDER_0/R_526/D                                      -1.151  (VIOLATED)
   I_BLENDER_0/R_176/D                                      -1.069  (VIOLATED)
   I_PARSER/i_reg_reg_7_/D                                  -0.735  (VIOLATED)
   I_PARSER/i_reg_reg_6_/D                                  -0.726  (VIOLATED)
   I_PARSER/i_reg_reg_14_/D                                 -0.696  (VIOLATED)
   I_PARSER/i_reg_reg_9_/D                                  -0.647  (VIOLATED)
   I_PARSER/i_reg_reg_3_/D                                  -0.640  (VIOLATED)
   I_PARSER/i_reg_reg_5_/D                                  -0.640  (VIOLATED)
   I_PARSER/i_reg_reg_10_/D                                 -0.638  (VIOLATED)
   I_BLENDER_0/s4_op1_reg_17_/D                             -0.632  (VIOLATED)
   I_PARSER/i_reg_reg_12_/D                                 -0.631  (VIOLATED)
   I_PARSER/i_reg_reg_17_/D                                 -0.577  (VIOLATED)
   I_PARSER/i_reg_reg_13_/D                                 -0.568  (VIOLATED)
   I_PARSER/i_reg_reg_11_/D                                 -0.542  (VIOLATED)
   I_BLENDER_0/R_158/D                                      -0.538  (VIOLATED)
   I_PARSER/i_reg_reg_15_/D                                 -0.521  (VIOLATED)
   I_BLENDER_1/R_414/D                                      -0.510  (VIOLATED)
   I_BLENDER_0/R_432/D                                      -0.439  (VIOLATED)
   I_BLENDER_1/R_470/D                                      -0.421  (VIOLATED)
   I_PARSER/i_reg_reg_4_/D                                  -0.419  (VIOLATED)
   I_BLENDER_1/R_476/D                                      -0.418  (VIOLATED)
   I_PARSER/i_reg_reg_16_/D                                 -0.413  (VIOLATED)
   I_BLENDER_0/R_744/D                                      -0.401  (VIOLATED)
   I_BLENDER_1/R_620/D                                      -0.396  (VIOLATED)
   I_BLENDER_1/s4_op1_reg_21_/D                             -0.394  (VIOLATED)
   I_PCI_TOP/I_PCI_WRITE_FIFO_PCI_FIFO_RAM_1/I1[3]          -0.386  (VIOLATED)
   I_BLENDER_0/R_577/D                                      -0.381  (VIOLATED)
   I_PCI_TOP/I_PCI_WRITE_FIFO_PCI_FIFO_RAM_1/I1[0]          -0.381  (VIOLATED)
   I_BLENDER_0/R_581/D                                      -0.377  (VIOLATED)
   I_BLENDER_0/R_578/D                                      -0.374  (VIOLATED)
   I_BLENDER_1/R_482/D                                      -0.372  (VIOLATED)
   I_PCI_TOP/I_PCI_WRITE_FIFO_PCI_FIFO_RAM_2/I1[2]          -0.366  (VIOLATED)
   I_BLENDER_0/R_332/D                                      -0.365  (VIOLATED)
   I_BLENDER_0/R_384/D                                      -0.365  (VIOLATED)
   I_BLENDER_0/R_447/D                                      -0.364  (VIOLATED)
   I_BLENDER_1/R_592/D                                      -0.360  (VIOLATED)
   I_SDRAM_TOP/I_SDRAM_WRITE_FIFO_SD_FIFO_RAM_1/I1[5]       -0.353  (VIOLATED)
   I_BLENDER_1/R_488/D                                      -0.351  (VIOLATED)
   I_BLENDER_0/R_580/D                                      -0.348  (VIOLATED)
   I_BLENDER_0/R_436/D                                      -0.347  (VIOLATED)
   I_BLENDER_1/R_658/D                                      -0.346  (VIOLATED)
   I_BLENDER_1/R_452/D                                      -0.344  (VIOLATED)
   I_BLENDER_0/R_450/D                                      -0.344  (VIOLATED)
   I_BLENDER_0/R_329/D                                      -0.343  (VIOLATED)
   I_BLENDER_1/R_598/D                                      -0.340  (VIOLATED)
   I_BLENDER_1/R_652/D                                      -0.336  (VIOLATED)
   I_BLENDER_0/R_323/D                                      -0.333  (VIOLATED)
   I_PARSER/i_reg_reg_8_/D                                  -0.331  (VIOLATED)
   I_BLENDER_1/R_646/D                                      -0.328  (VIOLATED)
   I_BLENDER_1/s4_op1_reg_22_/D                             -0.320  (VIOLATED)
   I_BLENDER_1/R_464/D                                      -0.312  (VIOLATED)
   I_BLENDER_1/R_458/D                                      -0.311  (VIOLATED)
   I_BLENDER_0/R_239/D                                      -0.310  (VIOLATED)
   I_BLENDER_0/R_574/D                                      -0.303  (VIOLATED)
   I_BLENDER_1/R_638/D                                      -0.297  (VIOLATED)
   I_BLENDER_1/s4_op2_reg_19_/D                             -0.295  (VIOLATED)
   I_PCI_TOP/I_PCI_WRITE_FIFO_PCI_FIFO_RAM_5/I1[0]          -0.285  (VIOLATED)
   I_PCI_TOP/I_PCI_WRITE_FIFO_PCI_FIFO_RAM_5/I1[3]          -0.278  (VIOLATED)
   I_BLENDER_1/s4_op1_reg_23_/D                             -0.274  (VIOLATED)
   I_BLENDER_1/R_614/D                                      -0.273  (VIOLATED)
   I_BLENDER_1/R_632/D                                      -0.272  (VIOLATED)
   I_PCI_TOP/I_PCI_WRITE_FIFO_PCI_FIFO_RAM_8/I1[0]          -0.270  (VIOLATED)
   I_BLENDER_0/R_443/D                                      -0.269  (VIOLATED)
   I_PCI_TOP/I_PCI_WRITE_FIFO_PCI_FIFO_RAM_2/I1[1]          -0.269  (VIOLATED)
   I_BLENDER_1/s4_op1_reg_20_/D                             -0.265  (VIOLATED)
   I_BLENDER_1/R_626/D                                      -0.265  (VIOLATED)
   I_SDRAM_TOP/I_SDRAM_WRITE_FIFO_SD_FIFO_RAM_1/I1[8]       -0.265  (VIOLATED)
   I_BLENDER_0/R_423/D                                      -0.264  (VIOLATED)
   I_BLENDER_1/R_604/D                                      -0.262  (VIOLATED)
   I_BLENDER_0/R_523/D                                      -0.260  (VIOLATED)
   I_SDRAM_TOP/I_SDRAM_WRITE_FIFO_SD_FIFO_RAM_1/I1[2]       -0.259  (VIOLATED)
   I_BLENDER_1/s4_op1_reg_18_/D                             -0.258  (VIOLATED)
   I_BLENDER_0/R_434/D                                      -0.256  (VIOLATED)
   I_BLENDER_0/R_422/D                                      -0.245  (VIOLATED)
   I_BLENDER_1/s4_op1_reg_19_/D                             -0.244  (VIOLATED)
   I_BLENDER_1/R_586/D                                      -0.233  (VIOLATED)
   I_BLENDER_0/R_446/D                                      -0.229  (VIOLATED)
   I_BLENDER_1/s4_op1_reg_31_/D                             -0.227  (VIOLATED)
   I_BLENDER_1/s4_op2_reg_18_/D                             -0.219  (VIOLATED)
   I_SDRAM_TOP/I_SDRAM_WRITE_FIFO_SD_FIFO_RAM_1/I1[3]       -0.219  (VIOLATED)
   I_BLENDER_0/R_521/D                                      -0.203  (VIOLATED)
   I_BLENDER_0/R_435/D                                      -0.198  (VIOLATED)
   I_PCI_TOP/I_PCI_WRITE_FIFO_PCI_FIFO_RAM_3/I1[1]          -0.198  (VIOLATED)
   I_PCI_TOP/I_PCI_WRITE_FIFO_PCI_FIFO_RAM_7/I1[2]          -0.178  (VIOLATED)
   I_PCI_TOP/I_PCI_WRITE_FIFO_PCI_FIFO_RAM_1/I1[1]          -0.174  (VIOLATED)
   I_BLENDER_0/R_522/D                                      -0.160  (VIOLATED)
   I_SDRAM_TOP/I_SDRAM_WRITE_FIFO_SD_FIFO_RAM_1/I1[9]       -0.160  (VIOLATED)
   I_SDRAM_TOP/I_SDRAM_WRITE_FIFO_SD_FIFO_RAM_1/I1[13]      -0.148  (VIOLATED)
   I_PCI_TOP/I_PCI_WRITE_FIFO_PCI_FIFO_RAM_7/I1[3]          -0.145  (VIOLATED)
   I_BLENDER_0/R_559/D                                      -0.139  (VIOLATED)
   I_SDRAM_TOP/I_SDRAM_WRITE_FIFO_SD_FIFO_RAM_1/I1[7]       -0.134  (VIOLATED)
   I_BLENDER_1/R_280/D                                      -0.110  (VIOLATED)
   I_BLENDER_0/R_438/D                                      -0.105  (VIOLATED)
   I_BLENDER_1/s4_op2_reg_17_/D                             -0.095  (VIOLATED)
   I_SDRAM_TOP/I_SDRAM_WRITE_FIFO_SD_FIFO_RAM_1/I1[11]      -0.094  (VIOLATED)
   I_BLENDER_0/s4_op2_reg_26_/D                             -0.092  (VIOLATED)
   I_BLENDER_1/s4_op1_reg_17_/D                             -0.089  (VIOLATED)
   I_BLENDER_0/s4_op2_reg_29_/D                             -0.085  (VIOLATED)
   I_BLENDER_0/R_179/D                                      -0.084  (VIOLATED)
   I_PCI_TOP/I_PCI_WRITE_FIFO_PCI_FIFO_RAM_1/I1[2]          -0.076  (VIOLATED)
   I_BLENDER_1/R_351/D                                      -0.076  (VIOLATED)
   I_BLENDER_0/R_519/D                                      -0.075  (VIOLATED)
   I_BLENDER_1/R_333/D                                      -0.073  (VIOLATED)
   I_BLENDER_1/R_377/D                                      -0.067  (VIOLATED)
   I_SDRAM_TOP/I_SDRAM_WRITE_FIFO_SD_FIFO_RAM_1/I1[6]       -0.058  (VIOLATED)
   I_SDRAM_TOP/I_SDRAM_WRITE_FIFO_SD_FIFO_RAM_1/I1[23]      -0.056  (VIOLATED)
   I_SDRAM_TOP/I_SDRAM_WRITE_FIFO_SD_FIFO_RAM_1/I1[20]      -0.056  (VIOLATED)
   I_BLENDER_0/s4_op2_reg_22_/D                             -0.056  (VIOLATED)
   I_BLENDER_1/R_268/D                                      -0.037  (VIOLATED)
   I_BLENDER_0/R_553/D                                      -0.034  (VIOLATED)
   I_BLENDER_1/R_349/D                                      -0.033  (VIOLATED)
   I_BLENDER_0/R_439/D                                      -0.017  (VIOLATED)
   I_BLENDER_0/s4_op2_reg_23_/D                             -0.009  (VIOLATED)
   I_BLENDER_0/s4_op2_reg_24_/D                             -0.008  (VIOLATED)
   I_SDRAM_TOP/I_SDRAM_WRITE_FIFO_SD_FIFO_RAM_1/I1[29]      -0.008  (VIOLATED)



   clock_gating_setup

   Endpoint                                                  Slack
   -----------------------------------------------------------------
   I_RISC_CORE/I_STACK_TOP_I2_STACK_MEM_clk_gate_Stack_Mem_reg_6_/latch/EN
                                                            -3.261  (VIOLATED)
   I_RISC_CORE/I_STACK_TOP_I2_STACK_MEM_clk_gate_Stack_Mem_reg_5_/latch/EN
                                                            -3.261  (VIOLATED)
   I_RISC_CORE/I_STACK_TOP_I2_STACK_MEM_clk_gate_Stack_Mem_reg_7_/latch/EN
                                                            -3.058  (VIOLATED)
   I_RISC_CORE/I_STACK_TOP_I2_STACK_MEM_clk_gate_Stack_Mem_reg_4_/latch/EN
                                                            -3.021  (VIOLATED)
   I_RISC_CORE/I_STACK_TOP_I2_STACK_MEM_clk_gate_Stack_Mem_reg_1_/latch/EN
                                                            -3.016  (VIOLATED)
   I_RISC_CORE/I_STACK_TOP_I2_STACK_MEM_clk_gate_Stack_Mem_reg_2_/latch/EN
                                                            -3.016  (VIOLATED)
   I_RISC_CORE/I_STACK_TOP_I2_STACK_MEM_clk_gate_Stack_Mem_reg_3_/latch/EN
                                                            -2.783  (VIOLATED)
   I_RISC_CORE/I_STACK_TOP_I2_STACK_MEM_clk_gate_Stack_Mem_reg_0_/latch/EN
                                                            -2.706  (VIOLATED)
   I_RISC_CORE/I_STACK_TOP_I_STACK_FSM_clk_gate_TOS_int_reg/latch/EN
                                                            -2.594  (VIOLATED)
   I_RISC_CORE/I_DATA_PATH_clk_gate_PSWL_Carry_reg/latch/EN
                                                            -1.435  (VIOLATED)
   I_RISC_CORE/I_INSTRN_LAT_clk_gate_Crnt_Instrn_2_reg/latch/EN
                                                            -1.414  (VIOLATED)
   I_RISC_CORE/I_DATA_PATH_clk_gate_Oprnd_B_reg/latch/EN    -1.386  (VIOLATED)
   I_RISC_CORE/I_DATA_PATH_clk_gate_Oprnd_A_reg/latch/EN    -1.368  (VIOLATED)
   I_RISC_CORE/I_STACK_TOP_I2_STACK_MEM_clk_gate_PopDataOut_reg/latch/EN
                                                            -1.087  (VIOLATED)
   I_RISC_CORE/I_ALU_clk_gate_Lachd_Result_reg/latch/EN     -0.774  (VIOLATED)
   I_RISC_CORE/I_PRGRM_CNT_TOP_I_PRGRM_CNT_clk_gate_PCint_reg/latch/EN
                                                            -0.575  (VIOLATED)


   sequential_clock_pulse_width

                             Required        Actual
   Pin                      pulse width    pulse width       Slack
   -----------------------------------------------------------------
   I_RISC_CORE/I_PRGRM_CNT_TOP_I_PRGRM_FSM_Current_State_reg_1_/CLK (low)
                               1.060          0.902         -0.158  (VIOLATED)
   I_RISC_CORE/I_CONTROL_UseData_Imm_Or_ALU_reg/CLK (low)
                               1.036          0.902         -0.134  (VIOLATED)
   I_RISC_CORE/I_CONTROL_UseData_Imm_Or_RegB_reg/CLK (low)
                               1.036          0.902         -0.134  (VIOLATED)
   I_RISC_CORE/I_PRGRM_CNT_TOP_I_PRGRM_FSM_Current_State_reg_0_/CLK (low)
                               1.036          0.902         -0.134  (VIOLATED)
   I_RISC_CORE/I_PRGRM_CNT_TOP_I_PRGRM_FSM_Current_State_reg_2_/CLK (low)
                               1.036          0.902         -0.134  (VIOLATED)
   I_RISC_CORE/I_STACK_TOP_I_STACK_FSM_STACK_FULL_reg/CLK (low)
                               1.036          0.902         -0.134  (VIOLATED)
   I_RISC_CORE/I_STACK_TOP_I_STACK_FSM_TOS_int_reg_0_/CLK (low)
                               1.060          0.931         -0.129  (VIOLATED)
   I_RISC_CORE/I_PRGRM_CNT_TOP_I_PRGRM_CNT_PCint_reg_0_/CLK (low)
                               1.060          0.931         -0.129  (VIOLATED)
   I_RISC_CORE/I_PRGRM_CNT_TOP_I_PRGRM_CNT_PCint_reg_2_/CLK (low)
                               1.060          0.931         -0.129  (VIOLATED)
   I_RISC_CORE/I_PRGRM_CNT_TOP_I_PRGRM_CNT_PCint_reg_4_/CLK (low)
                               1.060          0.931         -0.129  (VIOLATED)
   I_RISC_CORE/I_PRGRM_CNT_TOP_I_PRGRM_CNT_PCint_reg_5_/CLK (low)
                               1.060          0.931         -0.129  (VIOLATED)
   I_CLOCKING/sys_2x_rst_ff_reg/CLK (low)
                               1.036          0.928         -0.108  (VIOLATED)
   I_RISC_CORE/I_STACK_TOP_I_STACK_FSM_Crnt_Stack_reg_0_/CLK (low)
                               1.036          0.931         -0.105  (VIOLATED)
   I_RISC_CORE/I_STACK_TOP_I_STACK_FSM_Crnt_Stack_reg_1_/CLK (low)
                               1.036          0.931         -0.105  (VIOLATED)
   I_RISC_CORE/I_STACK_TOP_I_STACK_FSM_TOS_int_reg_1_/CLK (low)
                               1.036          0.931         -0.105  (VIOLATED)
   I_RISC_CORE/I_STACK_TOP_I_STACK_FSM_TOS_int_reg_2_/CLK (low)
                               1.036          0.931         -0.105  (VIOLATED)
   I_RISC_CORE/I_DATA_PATH_PSWL_Zro_reg/CLK (low)
                               1.036          0.931         -0.105  (VIOLATED)
   I_RISC_CORE/R_32/CLK (low)
                               1.036          0.931         -0.105  (VIOLATED)
   I_RISC_CORE/I_PRGRM_CNT_TOP_I_PRGRM_CNT_PCint_reg_1_/CLK (low)
                               1.036          0.931         -0.104  (VIOLATED)
   I_RISC_CORE/I_PRGRM_CNT_TOP_I_PRGRM_CNT_PCint_reg_3_/CLK (low)
                               1.036          0.931         -0.104  (VIOLATED)
   I_RISC_CORE/I_PRGRM_CNT_TOP_I_PRGRM_CNT_PCint_reg_6_/CLK (low)
                               1.036          0.931         -0.104  (VIOLATED)
   I_RISC_CORE/I_PRGRM_CNT_TOP_I_PRGRM_CNT_PCint_reg_7_/CLK (low)
                               1.036          0.931         -0.104  (VIOLATED)
   I_RISC_CORE/I_INSTRN_LAT_Crnt_Instrn_2_reg_2_/CLK (low)
                               0.964          0.920         -0.044  (VIOLATED)
   I_RISC_CORE/I_INSTRN_LAT_Crnt_Instrn_2_reg_3_/CLK (low)
                               0.964          0.920         -0.044  (VIOLATED)
   I_RISC_CORE/I_INSTRN_LAT_Crnt_Instrn_2_reg_8_/CLK (low)
                               0.964          0.920         -0.044  (VIOLATED)
   I_RISC_CORE/I_INSTRN_LAT_Crnt_Instrn_2_reg_9_/CLK (low)
                               0.964          0.920         -0.044  (VIOLATED)
   I_RISC_CORE/I_INSTRN_LAT_Crnt_Instrn_2_reg_19_/CLK (low)
                               0.964          0.920         -0.044  (VIOLATED)
   I_RISC_CORE/I_INSTRN_LAT_Crnt_Instrn_2_reg_20_/CLK (low)
                               0.964          0.920         -0.044  (VIOLATED)
   I_RISC_CORE/I_INSTRN_LAT_Crnt_Instrn_2_reg_25_/CLK (low)
                               0.964          0.920         -0.044  (VIOLATED)
   I_RISC_CORE/I_DATA_PATH_Oprnd_A_reg_5_/CLK (low)
                               0.964          0.920         -0.043  (VIOLATED)
   I_RISC_CORE/I_DATA_PATH_Oprnd_A_reg_6_/CLK (low)
                               0.964          0.920         -0.043  (VIOLATED)
   I_RISC_CORE/I_DATA_PATH_Oprnd_A_reg_7_/CLK (low)
                               0.964          0.920         -0.043  (VIOLATED)
   I_RISC_CORE/I_DATA_PATH_Oprnd_A_reg_10_/CLK (low)
                               0.964          0.920         -0.043  (VIOLATED)
   I_RISC_CORE/I_DATA_PATH_Oprnd_A_reg_11_/CLK (low)
                               0.964          0.920         -0.043  (VIOLATED)
   I_RISC_CORE/I_DATA_PATH_Oprnd_A_reg_12_/CLK (low)
                               0.964          0.920         -0.043  (VIOLATED)
   I_RISC_CORE/I_DATA_PATH_Oprnd_A_reg_13_/CLK (low)
                               0.964          0.920         -0.043  (VIOLATED)
   I_RISC_CORE/I_DATA_PATH_Oprnd_A_reg_14_/CLK (low)
                               0.964          0.920         -0.043  (VIOLATED)
   I_RISC_CORE/I_DATA_PATH_Oprnd_B_reg_5_/CLK (low)
                               0.964          0.920         -0.043  (VIOLATED)
   I_RISC_CORE/I_DATA_PATH_Oprnd_B_reg_9_/CLK (low)
                               0.964          0.920         -0.043  (VIOLATED)
   I_RISC_CORE/I_DATA_PATH_Oprnd_B_reg_11_/CLK (low)
                               0.964          0.920         -0.043  (VIOLATED)
   I_RISC_CORE/I_DATA_PATH_Oprnd_B_reg_12_/CLK (low)
                               0.964          0.920         -0.043  (VIOLATED)
   I_RISC_CORE/I_DATA_PATH_Oprnd_B_reg_14_/CLK (low)
                               0.964          0.920         -0.043  (VIOLATED)
   I_RISC_CORE/I_DATA_PATH_Oprnd_B_reg_15_/CLK (low)
                               0.964          0.920         -0.043  (VIOLATED)
   I_RISC_CORE/I_ALU_Lachd_Result_reg_4_/CLK (low)
                               0.964          0.922         -0.042  (VIOLATED)
   I_RISC_CORE/I_CONTROL_EndOfInstrn_reg/CLK (low)
                               0.937          0.902         -0.035  (VIOLATED)
   I_RISC_CORE/I_INSTRN_LAT_Crnt_Instrn_2_reg_4_/CLK (low)
                               0.937          0.920         -0.018  (VIOLATED)
   I_RISC_CORE/I_INSTRN_LAT_Crnt_Instrn_2_reg_5_/CLK (low)
                               0.937          0.920         -0.018  (VIOLATED)
   I_RISC_CORE/I_INSTRN_LAT_Crnt_Instrn_2_reg_6_/CLK (low)
                               0.937          0.920         -0.018  (VIOLATED)
   I_RISC_CORE/I_INSTRN_LAT_Crnt_Instrn_2_reg_7_/CLK (low)
                               0.937          0.920         -0.018  (VIOLATED)
   I_RISC_CORE/I_INSTRN_LAT_Crnt_Instrn_2_reg_10_/CLK (low)
                               0.937          0.920         -0.018  (VIOLATED)
   I_RISC_CORE/I_INSTRN_LAT_Crnt_Instrn_2_reg_11_/CLK (low)
                               0.937          0.920         -0.018  (VIOLATED)
   I_RISC_CORE/I_INSTRN_LAT_Crnt_Instrn_2_reg_12_/CLK (low)
                               0.937          0.920         -0.018  (VIOLATED)
   I_RISC_CORE/I_INSTRN_LAT_Crnt_Instrn_2_reg_13_/CLK (low)
                               0.937          0.920         -0.018  (VIOLATED)
   I_RISC_CORE/I_INSTRN_LAT_Crnt_Instrn_2_reg_15_/CLK (low)
                               0.937          0.920         -0.018  (VIOLATED)
   I_RISC_CORE/I_INSTRN_LAT_Crnt_Instrn_2_reg_16_/CLK (low)
                               0.937          0.920         -0.018  (VIOLATED)
   I_RISC_CORE/I_INSTRN_LAT_Crnt_Instrn_2_reg_17_/CLK (low)
                               0.937          0.920         -0.018  (VIOLATED)
   I_RISC_CORE/I_INSTRN_LAT_Crnt_Instrn_2_reg_18_/CLK (low)
                               0.937          0.920         -0.018  (VIOLATED)
   I_RISC_CORE/I_INSTRN_LAT_Crnt_Instrn_2_reg_21_/CLK (low)
                               0.937          0.920         -0.018  (VIOLATED)
   I_RISC_CORE/I_INSTRN_LAT_Crnt_Instrn_2_reg_22_/CLK (low)
                               0.937          0.920         -0.018  (VIOLATED)
   I_RISC_CORE/I_STACK_TOP_I1_STACK_MEM_PopDataOut_reg_0_/CLK (low)
                               0.937          0.920         -0.017  (VIOLATED)
   I_RISC_CORE/I_STACK_TOP_I1_STACK_MEM_PopDataOut_reg_1_/CLK (low)
                               0.937          0.920         -0.017  (VIOLATED)
   I_RISC_CORE/I_STACK_TOP_I1_STACK_MEM_PopDataOut_reg_2_/CLK (low)
                               0.937          0.920         -0.017  (VIOLATED)
   I_RISC_CORE/I_STACK_TOP_I1_STACK_MEM_PopDataOut_reg_3_/CLK (low)
                               0.937          0.920         -0.017  (VIOLATED)
   I_RISC_CORE/I_STACK_TOP_I1_STACK_MEM_Stack_Mem_reg_0__0_/CLK (low)
                               0.937          0.920         -0.017  (VIOLATED)
   I_RISC_CORE/I_STACK_TOP_I1_STACK_MEM_Stack_Mem_reg_0__1_/CLK (low)
                               0.937          0.920         -0.017  (VIOLATED)
   I_RISC_CORE/I_STACK_TOP_I1_STACK_MEM_Stack_Mem_reg_0__2_/CLK (low)
                               0.937          0.920         -0.017  (VIOLATED)
   I_RISC_CORE/I_STACK_TOP_I1_STACK_MEM_Stack_Mem_reg_0__3_/CLK (low)
                               0.937          0.920         -0.017  (VIOLATED)
   I_RISC_CORE/I_STACK_TOP_I1_STACK_MEM_Stack_Mem_reg_1__0_/CLK (low)
                               0.937          0.920         -0.017  (VIOLATED)
   I_RISC_CORE/I_STACK_TOP_I1_STACK_MEM_Stack_Mem_reg_1__1_/CLK (low)
                               0.937          0.920         -0.017  (VIOLATED)
   I_RISC_CORE/I_STACK_TOP_I1_STACK_MEM_Stack_Mem_reg_1__2_/CLK (low)
                               0.937          0.920         -0.017  (VIOLATED)
   I_RISC_CORE/I_STACK_TOP_I1_STACK_MEM_Stack_Mem_reg_1__3_/CLK (low)
                               0.937          0.920         -0.017  (VIOLATED)
   I_RISC_CORE/I_STACK_TOP_I1_STACK_MEM_Stack_Mem_reg_2__0_/CLK (low)
                               0.937          0.920         -0.017  (VIOLATED)
   I_RISC_CORE/I_STACK_TOP_I1_STACK_MEM_Stack_Mem_reg_2__1_/CLK (low)
                               0.937          0.920         -0.017  (VIOLATED)
   I_RISC_CORE/I_STACK_TOP_I1_STACK_MEM_Stack_Mem_reg_2__2_/CLK (low)
                               0.937          0.920         -0.017  (VIOLATED)
   I_RISC_CORE/I_STACK_TOP_I1_STACK_MEM_Stack_Mem_reg_2__3_/CLK (low)
                               0.937          0.920         -0.017  (VIOLATED)
   I_RISC_CORE/I_STACK_TOP_I1_STACK_MEM_Stack_Mem_reg_3__0_/CLK (low)
                               0.937          0.920         -0.017  (VIOLATED)
   I_RISC_CORE/I_STACK_TOP_I1_STACK_MEM_Stack_Mem_reg_3__1_/CLK (low)
                               0.937          0.920         -0.017  (VIOLATED)
   I_RISC_CORE/I_STACK_TOP_I1_STACK_MEM_Stack_Mem_reg_3__2_/CLK (low)
                               0.937          0.920         -0.017  (VIOLATED)
   I_RISC_CORE/I_STACK_TOP_I1_STACK_MEM_Stack_Mem_reg_3__3_/CLK (low)
                               0.937          0.920         -0.017  (VIOLATED)
   I_RISC_CORE/I_STACK_TOP_I1_STACK_MEM_Stack_Mem_reg_4__0_/CLK (low)
                               0.937          0.920         -0.017  (VIOLATED)
   I_RISC_CORE/I_STACK_TOP_I1_STACK_MEM_Stack_Mem_reg_4__1_/CLK (low)
                               0.937          0.920         -0.017  (VIOLATED)
   I_RISC_CORE/I_STACK_TOP_I1_STACK_MEM_Stack_Mem_reg_4__2_/CLK (low)
                               0.937          0.920         -0.017  (VIOLATED)
   I_RISC_CORE/I_STACK_TOP_I1_STACK_MEM_Stack_Mem_reg_4__3_/CLK (low)
                               0.937          0.920         -0.017  (VIOLATED)
   I_RISC_CORE/I_STACK_TOP_I1_STACK_MEM_Stack_Mem_reg_5__0_/CLK (low)
                               0.937          0.920         -0.017  (VIOLATED)
   I_RISC_CORE/I_STACK_TOP_I1_STACK_MEM_Stack_Mem_reg_5__1_/CLK (low)
                               0.937          0.920         -0.017  (VIOLATED)
   I_RISC_CORE/I_STACK_TOP_I1_STACK_MEM_Stack_Mem_reg_5__2_/CLK (low)
                               0.937          0.920         -0.017  (VIOLATED)
   I_RISC_CORE/I_STACK_TOP_I1_STACK_MEM_Stack_Mem_reg_5__3_/CLK (low)
                               0.937          0.920         -0.017  (VIOLATED)
   I_RISC_CORE/I_STACK_TOP_I1_STACK_MEM_Stack_Mem_reg_6__0_/CLK (low)
                               0.937          0.920         -0.017  (VIOLATED)
   I_RISC_CORE/I_STACK_TOP_I1_STACK_MEM_Stack_Mem_reg_6__1_/CLK (low)
                               0.937          0.920         -0.017  (VIOLATED)
   I_RISC_CORE/I_STACK_TOP_I1_STACK_MEM_Stack_Mem_reg_6__2_/CLK (low)
                               0.937          0.920         -0.017  (VIOLATED)
   I_RISC_CORE/I_STACK_TOP_I1_STACK_MEM_Stack_Mem_reg_6__3_/CLK (low)
                               0.937          0.920         -0.017  (VIOLATED)
   I_RISC_CORE/I_STACK_TOP_I1_STACK_MEM_Stack_Mem_reg_7__0_/CLK (low)
                               0.937          0.920         -0.017  (VIOLATED)
   I_RISC_CORE/I_STACK_TOP_I1_STACK_MEM_Stack_Mem_reg_7__1_/CLK (low)
                               0.937          0.920         -0.017  (VIOLATED)
   I_RISC_CORE/I_STACK_TOP_I1_STACK_MEM_Stack_Mem_reg_7__2_/CLK (low)
                               0.937          0.920         -0.017  (VIOLATED)
   I_RISC_CORE/I_STACK_TOP_I1_STACK_MEM_Stack_Mem_reg_7__3_/CLK (low)
                               0.937          0.920         -0.017  (VIOLATED)
   I_RISC_CORE/I_STACK_TOP_I2_STACK_MEM_PopDataOut_reg_0_/CLK (low)
                               0.937          0.920         -0.017  (VIOLATED)
   I_RISC_CORE/I_STACK_TOP_I2_STACK_MEM_PopDataOut_reg_1_/CLK (low)
                               0.937          0.920         -0.017  (VIOLATED)
   I_RISC_CORE/I_STACK_TOP_I2_STACK_MEM_PopDataOut_reg_2_/CLK (low)
                               0.937          0.920         -0.017  (VIOLATED)
   I_RISC_CORE/I_STACK_TOP_I2_STACK_MEM_PopDataOut_reg_3_/CLK (low)
                               0.937          0.920         -0.017  (VIOLATED)
   I_RISC_CORE/I_STACK_TOP_I2_STACK_MEM_Stack_Mem_reg_0__0_/CLK (low)
                               0.937          0.920         -0.017  (VIOLATED)
   I_RISC_CORE/I_STACK_TOP_I2_STACK_MEM_Stack_Mem_reg_0__1_/CLK (low)
                               0.937          0.920         -0.017  (VIOLATED)
   I_RISC_CORE/I_STACK_TOP_I2_STACK_MEM_Stack_Mem_reg_0__2_/CLK (low)
                               0.937          0.920         -0.017  (VIOLATED)
   I_RISC_CORE/I_STACK_TOP_I2_STACK_MEM_Stack_Mem_reg_0__3_/CLK (low)
                               0.937          0.920         -0.017  (VIOLATED)
   I_RISC_CORE/I_STACK_TOP_I2_STACK_MEM_Stack_Mem_reg_1__0_/CLK (low)
                               0.937          0.920         -0.017  (VIOLATED)
   I_RISC_CORE/I_STACK_TOP_I2_STACK_MEM_Stack_Mem_reg_1__1_/CLK (low)
                               0.937          0.920         -0.017  (VIOLATED)
   I_RISC_CORE/I_STACK_TOP_I2_STACK_MEM_Stack_Mem_reg_1__2_/CLK (low)
                               0.937          0.920         -0.017  (VIOLATED)
   I_RISC_CORE/I_STACK_TOP_I2_STACK_MEM_Stack_Mem_reg_1__3_/CLK (low)
                               0.937          0.920         -0.017  (VIOLATED)
   I_RISC_CORE/I_STACK_TOP_I2_STACK_MEM_Stack_Mem_reg_2__0_/CLK (low)
                               0.937          0.920         -0.017  (VIOLATED)
   I_RISC_CORE/I_STACK_TOP_I2_STACK_MEM_Stack_Mem_reg_2__1_/CLK (low)
                               0.937          0.920         -0.017  (VIOLATED)
   I_RISC_CORE/I_STACK_TOP_I2_STACK_MEM_Stack_Mem_reg_2__2_/CLK (low)
                               0.937          0.920         -0.017  (VIOLATED)
   I_RISC_CORE/I_STACK_TOP_I2_STACK_MEM_Stack_Mem_reg_2__3_/CLK (low)
                               0.937          0.920         -0.017  (VIOLATED)
   I_RISC_CORE/I_STACK_TOP_I2_STACK_MEM_Stack_Mem_reg_3__0_/CLK (low)
                               0.937          0.920         -0.017  (VIOLATED)
   I_RISC_CORE/I_STACK_TOP_I2_STACK_MEM_Stack_Mem_reg_3__1_/CLK (low)
                               0.937          0.920         -0.017  (VIOLATED)
   I_RISC_CORE/I_STACK_TOP_I2_STACK_MEM_Stack_Mem_reg_3__2_/CLK (low)
                               0.937          0.920         -0.017  (VIOLATED)
   I_RISC_CORE/I_STACK_TOP_I2_STACK_MEM_Stack_Mem_reg_3__3_/CLK (low)
                               0.937          0.920         -0.017  (VIOLATED)
   I_RISC_CORE/I_STACK_TOP_I2_STACK_MEM_Stack_Mem_reg_4__0_/CLK (low)
                               0.937          0.920         -0.017  (VIOLATED)
   I_RISC_CORE/I_STACK_TOP_I2_STACK_MEM_Stack_Mem_reg_4__1_/CLK (low)
                               0.937          0.920         -0.017  (VIOLATED)
   I_RISC_CORE/I_STACK_TOP_I2_STACK_MEM_Stack_Mem_reg_4__2_/CLK (low)
                               0.937          0.920         -0.017  (VIOLATED)
   I_RISC_CORE/I_STACK_TOP_I2_STACK_MEM_Stack_Mem_reg_4__3_/CLK (low)
                               0.937          0.920         -0.017  (VIOLATED)
   I_RISC_CORE/I_STACK_TOP_I2_STACK_MEM_Stack_Mem_reg_5__0_/CLK (low)
                               0.937          0.920         -0.017  (VIOLATED)
   I_RISC_CORE/I_STACK_TOP_I2_STACK_MEM_Stack_Mem_reg_5__1_/CLK (low)
                               0.937          0.920         -0.017  (VIOLATED)
   I_RISC_CORE/I_STACK_TOP_I2_STACK_MEM_Stack_Mem_reg_5__2_/CLK (low)
                               0.937          0.920         -0.017  (VIOLATED)
   I_RISC_CORE/I_STACK_TOP_I2_STACK_MEM_Stack_Mem_reg_5__3_/CLK (low)
                               0.937          0.920         -0.017  (VIOLATED)
   I_RISC_CORE/I_STACK_TOP_I2_STACK_MEM_Stack_Mem_reg_6__0_/CLK (low)
                               0.937          0.920         -0.017  (VIOLATED)
   I_RISC_CORE/I_STACK_TOP_I2_STACK_MEM_Stack_Mem_reg_6__1_/CLK (low)
                               0.937          0.920         -0.017  (VIOLATED)
   I_RISC_CORE/I_STACK_TOP_I2_STACK_MEM_Stack_Mem_reg_6__2_/CLK (low)
                               0.937          0.920         -0.017  (VIOLATED)
   I_RISC_CORE/I_STACK_TOP_I2_STACK_MEM_Stack_Mem_reg_6__3_/CLK (low)
                               0.937          0.920         -0.017  (VIOLATED)
   I_RISC_CORE/I_STACK_TOP_I2_STACK_MEM_Stack_Mem_reg_7__0_/CLK (low)
                               0.937          0.920         -0.017  (VIOLATED)
   I_RISC_CORE/I_STACK_TOP_I2_STACK_MEM_Stack_Mem_reg_7__1_/CLK (low)
                               0.937          0.920         -0.017  (VIOLATED)
   I_RISC_CORE/I_STACK_TOP_I2_STACK_MEM_Stack_Mem_reg_7__2_/CLK (low)
                               0.937          0.920         -0.017  (VIOLATED)
   I_RISC_CORE/I_STACK_TOP_I2_STACK_MEM_Stack_Mem_reg_7__3_/CLK (low)
                               0.937          0.920         -0.017  (VIOLATED)
   I_RISC_CORE/I_STACK_TOP_I3_STACK_MEM_PopDataOut_reg_2_/CLK (low)
                               0.937          0.920         -0.017  (VIOLATED)
   I_RISC_CORE/I_STACK_TOP_I3_STACK_MEM_Stack_Mem_reg_0__2_/CLK (low)
                               0.937          0.920         -0.017  (VIOLATED)
   I_RISC_CORE/I_STACK_TOP_I3_STACK_MEM_Stack_Mem_reg_1__2_/CLK (low)
                               0.937          0.920         -0.017  (VIOLATED)
   I_RISC_CORE/I_STACK_TOP_I3_STACK_MEM_Stack_Mem_reg_2__2_/CLK (low)
                               0.937          0.920         -0.017  (VIOLATED)
   I_RISC_CORE/I_STACK_TOP_I3_STACK_MEM_Stack_Mem_reg_3__2_/CLK (low)
                               0.937          0.920         -0.017  (VIOLATED)
   I_RISC_CORE/I_STACK_TOP_I3_STACK_MEM_Stack_Mem_reg_4__2_/CLK (low)
                               0.937          0.920         -0.017  (VIOLATED)
   I_RISC_CORE/I_STACK_TOP_I3_STACK_MEM_Stack_Mem_reg_5__2_/CLK (low)
                               0.937          0.920         -0.017  (VIOLATED)
   I_RISC_CORE/I_STACK_TOP_I3_STACK_MEM_Stack_Mem_reg_6__2_/CLK (low)
                               0.937          0.920         -0.017  (VIOLATED)
   I_RISC_CORE/I_STACK_TOP_I3_STACK_MEM_Stack_Mem_reg_7__2_/CLK (low)
                               0.937          0.920         -0.017  (VIOLATED)
   I_RISC_CORE/I_DATA_PATH_Oprnd_A_reg_8_/CLK (low)
                               0.937          0.920         -0.017  (VIOLATED)
   I_RISC_CORE/I_ALU_Lachd_Result_reg_1_/CLK (low)
                               0.937          0.922         -0.016  (VIOLATED)
   I_RISC_CORE/I_ALU_Lachd_Result_reg_2_/CLK (low)
                               0.937          0.922         -0.016  (VIOLATED)
   I_RISC_CORE/I_ALU_Lachd_Result_reg_3_/CLK (low)
                               0.937          0.922         -0.016  (VIOLATED)
   I_RISC_CORE/I_ALU_Lachd_Result_reg_5_/CLK (low)
                               0.937          0.922         -0.016  (VIOLATED)
   I_RISC_CORE/I_ALU_Lachd_Result_reg_6_/CLK (low)
                               0.937          0.922         -0.016  (VIOLATED)
   I_RISC_CORE/I_ALU_Lachd_Result_reg_7_/CLK (low)
                               0.937          0.922         -0.016  (VIOLATED)
   I_RISC_CORE/I_ALU_Lachd_Result_reg_8_/CLK (low)
                               0.937          0.922         -0.016  (VIOLATED)
   I_RISC_CORE/I_ALU_Lachd_Result_reg_9_/CLK (low)
                               0.937          0.922         -0.016  (VIOLATED)
   I_RISC_CORE/I_ALU_Lachd_Result_reg_10_/CLK (low)
                               0.937          0.922         -0.016  (VIOLATED)
   I_RISC_CORE/I_ALU_Lachd_Result_reg_11_/CLK (low)
                               0.937          0.922         -0.016  (VIOLATED)
   I_RISC_CORE/I_ALU_Lachd_Result_reg_12_/CLK (low)
                               0.937          0.922         -0.016  (VIOLATED)
   I_RISC_CORE/R_33/CLK (low)
                               0.937          0.922         -0.016  (VIOLATED)


   max_capacitance

                             Required        Actual
   Pin                      Capacitance    Capacitance       Slack
   -----------------------------------------------------------------
   HFSINV_134_562/Y           82.000        160.274        -78.274  (VIOLATED)
   HFSINV_319_561/Y           82.000        160.274        -78.274  (VIOLATED)
   HFSBUF_11_386/Y            82.000        100.004        -18.004  (VIOLATED)
   HFSBUF_11_388/Y            82.000        100.004        -18.004  (VIOLATED)
   HFSBUF_11_395/Y            82.000        100.004        -18.004  (VIOLATED)
   HFSBUF_11_397/Y            82.000        100.004        -18.004  (VIOLATED)
   HFSBUF_11_403/Y            82.000        100.004        -18.004  (VIOLATED)
   HFSBUF_11_411/Y            82.000        100.004        -18.004  (VIOLATED)
   HFSBUF_11_414/Y            82.000        100.004        -18.004  (VIOLATED)
   HFSBUF_11_418/Y            82.000        100.004        -18.004  (VIOLATED)
   I_PCI_TOP/HFSBUF_8_409/Y   82.000        100.004        -18.004  (VIOLATED)
   I_PCI_TOP/HFSBUF_34_389/Y
                              82.000        100.004        -18.004  (VIOLATED)
   I_PCI_TOP/HFSBUF_34_391/Y
                              82.000        100.004        -18.004  (VIOLATED)
   I_PCI_TOP/HFSBUF_34_392/Y
                              82.000        100.004        -18.004  (VIOLATED)
   I_PCI_TOP/HFSBUF_34_393/Y
                              82.000        100.004        -18.004  (VIOLATED)
   I_PCI_TOP/HFSBUF_34_399/Y
                              82.000        100.004        -18.004  (VIOLATED)
   I_PCI_TOP/HFSBUF_34_400/Y
                              82.000        100.004        -18.004  (VIOLATED)
   I_PCI_TOP/HFSBUF_34_401/Y
                              82.000        100.004        -18.004  (VIOLATED)
   I_PCI_TOP/HFSBUF_34_404/Y
                              82.000        100.004        -18.004  (VIOLATED)
   I_PCI_TOP/HFSBUF_34_405/Y
                              82.000        100.004        -18.004  (VIOLATED)
   I_PCI_TOP/HFSBUF_34_406/Y
                              82.000        100.004        -18.004  (VIOLATED)
   I_PCI_TOP/HFSBUF_34_407/Y
                              82.000        100.004        -18.004  (VIOLATED)
   I_PCI_TOP/HFSBUF_34_408/Y
                              82.000        100.004        -18.004  (VIOLATED)
   I_PCI_TOP/HFSBUF_34_412/Y
                              82.000        100.004        -18.004  (VIOLATED)
   I_PCI_TOP/HFSBUF_34_415/Y
                              82.000        100.004        -18.004  (VIOLATED)
   I_PCI_TOP/HFSBUF_34_416/Y
                              82.000        100.004        -18.004  (VIOLATED)
   I_PCI_TOP/HFSBUF_34_419/Y
                              82.000        100.004        -18.004  (VIOLATED)
   I_PCI_TOP/HFSBUF_34_420/Y
                              82.000        100.004        -18.004  (VIOLATED)
   I_PCI_TOP/HFSBUF_34_421/Y
                              82.000        100.004        -18.004  (VIOLATED)
   ZINV_6_inst_6636/Y         82.000        100.004        -18.004  (VIOLATED)
   ZINV_6_inst_6640/Y         82.000        100.004        -18.004  (VIOLATED)


   min_capacitance

                             Required        Actual
   Pin                      Capacitance    Capacitance       Slack
   -----------------------------------------------------------------
   I_RISC_CORE/I_REG_FILE_REG_FILE_B_RAM/O2[0]
                               0.100          0.011         -0.089  (VIOLATED)
   I_RISC_CORE/I_REG_FILE_REG_FILE_B_RAM/O2[1]
                               0.100          0.011         -0.089  (VIOLATED)
   I_RISC_CORE/I_REG_FILE_REG_FILE_B_RAM/O2[2]
                               0.100          0.011         -0.089  (VIOLATED)
   I_RISC_CORE/I_REG_FILE_REG_FILE_B_RAM/O2[3]
                               0.100          0.011         -0.089  (VIOLATED)
   I_RISC_CORE/I_REG_FILE_REG_FILE_B_RAM/O2[4]
                               0.100          0.011         -0.089  (VIOLATED)
   I_RISC_CORE/I_REG_FILE_REG_FILE_B_RAM/O2[5]
                               0.100          0.011         -0.089  (VIOLATED)
   I_RISC_CORE/I_REG_FILE_REG_FILE_B_RAM/O2[6]
                               0.100          0.011         -0.089  (VIOLATED)
   I_RISC_CORE/I_REG_FILE_REG_FILE_B_RAM/O2[7]
                               0.100          0.011         -0.089  (VIOLATED)
   I_RISC_CORE/I_REG_FILE_REG_FILE_D_RAM/O2[8]
                               0.100          0.011         -0.089  (VIOLATED)
   I_RISC_CORE/I_REG_FILE_REG_FILE_D_RAM/O2[9]
                               0.100          0.011         -0.089  (VIOLATED)
   I_RISC_CORE/I_REG_FILE_REG_FILE_D_RAM/O2[10]
                               0.100          0.011         -0.089  (VIOLATED)
   I_RISC_CORE/I_REG_FILE_REG_FILE_D_RAM/O2[11]
                               0.100          0.011         -0.089  (VIOLATED)
   I_RISC_CORE/I_REG_FILE_REG_FILE_D_RAM/O2[12]
                               0.100          0.011         -0.089  (VIOLATED)
   I_RISC_CORE/I_REG_FILE_REG_FILE_D_RAM/O2[13]
                               0.100          0.011         -0.089  (VIOLATED)
   I_RISC_CORE/I_REG_FILE_REG_FILE_D_RAM/O2[14]
                               0.100          0.011         -0.089  (VIOLATED)
   I_RISC_CORE/I_REG_FILE_REG_FILE_D_RAM/O2[15]
                               0.100          0.011         -0.089  (VIOLATED)


1
