****************************************
Report : qor
Design : multi-scenario design
Version: O-2018.06
Date   : Sun May 21 00:13:58 2023
****************************************


Start of Master/Slave Task Processing
-------------------------------------
Warning: The variable 'search_path' contains a directory '/home/reethika/Documents/ECE510-2023-SPRING/final_prj-team_10/' that could not be resolved to an absolute path. (DIST-006)
Started    : Command execution in scenario 'at_speed_capture'
Started    : Command execution in scenario 'func_worstc'
Started    : Command execution in scenario 'test_slowfast'
Started    : Command execution in scenario 'test_worst'
Started    : Command execution in scenario 'func_slowfast'
Started    : Command execution in scenario 'test_best'
Started    : Command execution in scenario 'test_fastslow'
Started    : Command execution in scenario 'func_bestc'
Started    : Command execution in scenario 'stuck_at_shift'
Started    : Command execution in scenario 'func_min'
Started    : Command execution in scenario 'at_speed_shift'
Started    : Command execution in scenario 'func_fastslow'
Started    : Command execution in scenario 'func_max'
Started    : Command execution in scenario 'stuck_at_capture'
Failed     : Command execution in scenario 'at_speed_capture'
Failed     : Command execution in scenario 'stuck_at_capture'
Failed     : Command execution in scenario 'stuck_at_capture'
Failed     : Command execution in scenario 'at_speed_capture'
Succeeded  : Command execution in scenario 'test_slowfast'
Succeeded  : Command execution in scenario 'func_bestc'
Succeeded  : Command execution in scenario 'func_worstc'
Succeeded  : Command execution in scenario 'test_best'
Succeeded  : Command execution in scenario 'test_worst'
Succeeded  : Command execution in scenario 'test_fastslow'
Succeeded  : Command execution in scenario 'stuck_at_shift'
Succeeded  : Command execution in scenario 'at_speed_shift'
Succeeded  : Command execution in scenario 'func_min'
Succeeded  : Command execution in scenario 'func_slowfast'
Succeeded  : Command execution in scenario 'func_fastslow'
Succeeded  : Command execution in scenario 'func_max'
-----------------------------------
End of Master/Slave Task Processing

Error: Errors detected during master/slave task processing. (MS-016)
0
